#
# A fatal error has been detected by the Java Runtime Environment:
#
#  EXCEPTION_ACCESS_VIOLATION (0xc0000005) at pc=0x00007ffe45b5d05e, pid=21520, tid=12112
#
# JRE version: Java(TM) SE Runtime Environment (20.0.2+9) (build 20.0.2+9-78)
# Java VM: Java HotSpot(TM) 64-Bit Server VM (20.0.2+9-78, mixed mode, sharing, tiered, compressed oops, compressed class ptrs, g1 gc, windows-amd64)
# Problematic frame:
# V  [jvm.dll+0x31d05e]
#
# No core dump will be written. Minidumps are not enabled by default on client versions of Windows
#
# If you would like to submit a bug report, please visit:
#   https://bugreport.java.com/bugreport/crash.jsp
#

---------------  S U M M A R Y ------------

Command Line: -agentlib:jdwp=transport=dt_socket,server=n,address=58058 com.aza.api.ApiApplication

Host: 12th Gen Intel(R) Core(TM) i5-1235U, 12 cores, 11G,  Windows 11 , 64 bit Build 22621 (10.0.22621.3672)
Time: Tue Jul  9 19:48:19 2024 Hora est. Pacífico, Sudamérica elapsed time: 5376.701903 seconds (0d 1h 29m 36s)

---------------  T H R E A D  ---------------

Current thread (0x000002376f06f9b0):  WorkerThread "GC Thread#2" [stack: 0x000000d31f600000,0x000000d31f700000] [id=12112]

Stack: [0x000000d31f600000,0x000000d31f700000],  sp=0x000000d31f6fdf30,  free space=1015k
Native frames: (J=compiled Java code, j=interpreted, Vv=VM code, C=native code)
V  [jvm.dll+0x31d05e]
V  [jvm.dll+0x3451da]
V  [jvm.dll+0x345102]
V  [jvm.dll+0x317b7d]
V  [jvm.dll+0x3175bd]
V  [jvm.dll+0x3f1ef5]
V  [jvm.dll+0x7f5ff6]
V  [jvm.dll+0x7ffb81]
V  [jvm.dll+0x36cd8a]
V  [jvm.dll+0x36ce44]
V  [jvm.dll+0x3494b3]
V  [jvm.dll+0x876b17]
V  [jvm.dll+0x7f5c76]
V  [jvm.dll+0x6baecb]
C  [ucrtbase.dll+0x29333]
C  [KERNEL32.DLL+0x1257d]
C  [ntdll.dll+0x5af28]

JavaThread 0x0000023771e5d000 (nid = 24076) was being processed
Java frames: (J=compiled Java code, j=interpreted, Vv=VM code)
j  java.lang.invoke.LambdaForm$DMH+0x0000023701180000.invokeVirtual(Ljava/lang/Object;Ljava/lang/Object;Ljava/lang/Object;)Ljava/lang/Object;+11 java.base@20.0.2
J 13352 c1 java.lang.invoke.LambdaForm$MH+0x0000023701081400.invoke(Ljava/lang/Object;Ljava/lang/Object;Ljava/lang/Object;)Ljava/lang/Object; java.base@20.0.2 (56 bytes) @ 0x00000237542c253c [0x00000237542c1d80+0x00000000000007bc]
J 7188 c2 java.lang.reflect.Method.invoke(Ljava/lang/Object;[Ljava/lang/Object;)Ljava/lang/Object; java.base@20.0.2 (108 bytes) @ 0x000002375bb0cf60 [0x000002375bb0c460+0x0000000000000b00]
j  org.springframework.web.method.support.InvocableHandlerMethod.doInvoke([Ljava/lang/Object;)Ljava/lang/Object;+29
j  org.springframework.web.method.support.InvocableHandlerMethod.invokeForRequest(Lorg/springframework/web/context/request/NativeWebRequest;Lorg/springframework/web/method/support/ModelAndViewContainer;[Ljava/lang/Object;)Ljava/lang/Object;+41
j  org.springframework.web.servlet.mvc.method.annotation.ServletInvocableHandlerMethod.invokeAndHandle(Lorg/springframework/web/context/request/ServletWebRequest;Lorg/springframework/web/method/support/ModelAndViewContainer;[Ljava/lang/Object;)V+4
j  org.springframework.web.servlet.mvc.method.annotation.RequestMappingHandlerAdapter.invokeHandlerMethod(Ljakarta/servlet/http/HttpServletRequest;Ljakarta/servlet/http/HttpServletResponse;Lorg/springframework/web/method/HandlerMethod;)Lorg/springframework/web/servlet/ModelAndView;+244
j  org.springframework.web.servlet.mvc.method.annotation.RequestMappingHandlerAdapter.handleInternal(Ljakarta/servlet/http/HttpServletRequest;Ljakarta/servlet/http/HttpServletResponse;Lorg/springframework/web/method/HandlerMethod;)Lorg/springframework/web/servlet/ModelAndView;+81
j  org.springframework.web.servlet.mvc.method.AbstractHandlerMethodAdapter.handle(Ljakarta/servlet/http/HttpServletRequest;Ljakarta/servlet/http/HttpServletResponse;Ljava/lang/Object;)Lorg/springframework/web/servlet/ModelAndView;+7
j  org.springframework.web.servlet.DispatcherServlet.doDispatch(Ljakarta/servlet/http/HttpServletRequest;Ljakarta/servlet/http/HttpServletResponse;)V+259
j  org.springframework.web.servlet.DispatcherServlet.doService(Ljakarta/servlet/http/HttpServletRequest;Ljakarta/servlet/http/HttpServletResponse;)V+242
j  org.springframework.web.servlet.FrameworkServlet.processRequest(Ljakarta/servlet/http/HttpServletRequest;Ljakarta/servlet/http/HttpServletResponse;)V+70
j  org.springframework.web.servlet.FrameworkServlet.doPost(Ljakarta/servlet/http/HttpServletRequest;Ljakarta/servlet/http/HttpServletResponse;)V+3
j  jakarta.servlet.http.HttpServlet.service(Ljakarta/servlet/http/HttpServletRequest;Ljakarta/servlet/http/HttpServletResponse;)V+150
j  org.springframework.web.servlet.FrameworkServlet.service(Ljakarta/servlet/http/HttpServletRequest;Ljakarta/servlet/http/HttpServletResponse;)V+20
j  jakarta.servlet.http.HttpServlet.service(Ljakarta/servlet/ServletRequest;Ljakarta/servlet/ServletResponse;)V+37
J 14916 c1 org.apache.catalina.core.ApplicationFilterChain.internalDoFilter(Ljakarta/servlet/ServletRequest;Ljakarta/servlet/ServletResponse;)V (391 bytes) @ 0x0000023754b29d0c [0x0000023754b29100+0x0000000000000c0c]
J 13333 c1 org.apache.catalina.core.ApplicationFilterChain.doFilter(Ljakarta/servlet/ServletRequest;Ljakarta/servlet/ServletResponse;)V (103 bytes) @ 0x0000023754e34c54 [0x0000023754e34ba0+0x00000000000000b4]
j  org.apache.tomcat.websocket.server.WsFilter.doFilter(Ljakarta/servlet/ServletRequest;Ljakarta/servlet/ServletResponse;Ljakarta/servlet/FilterChain;)V+21
J 14916 c1 org.apache.catalina.core.ApplicationFilterChain.internalDoFilter(Ljakarta/servlet/ServletRequest;Ljakarta/servlet/ServletResponse;)V (391 bytes) @ 0x0000023754b2951c [0x0000023754b29100+0x000000000000041c]
J 13333 c1 org.apache.catalina.core.ApplicationFilterChain.doFilter(Ljakarta/servlet/ServletRequest;Ljakarta/servlet/ServletResponse;)V (103 bytes) @ 0x0000023754e34c54 [0x0000023754e34ba0+0x00000000000000b4]
J 13162 c1 org.springframework.web.filter.OncePerRequestFilter.doFilter(Ljakarta/servlet/ServletRequest;Ljakarta/servlet/ServletResponse;Ljakarta/servlet/FilterChain;)V (178 bytes) @ 0x00000237550d91bc [0x00000237550d7560+0x0000000000001c5c]
J 14916 c1 org.apache.catalina.core.ApplicationFilterChain.internalDoFilter(Ljakarta/servlet/ServletRequest;Ljakarta/servlet/ServletResponse;)V (391 bytes) @ 0x0000023754b2951c [0x0000023754b29100+0x000000000000041c]
J 13333 c1 org.apache.catalina.core.ApplicationFilterChain.doFilter(Ljakarta/servlet/ServletRequest;Ljakarta/servlet/ServletResponse;)V (103 bytes) @ 0x0000023754e34c54 [0x0000023754e34ba0+0x00000000000000b4]
j  org.springframework.security.web.FilterChainProxy.lambda$doFilterInternal$3(Lorg/springframework/security/web/firewall/FirewalledRequest;Ljakarta/servlet/FilterChain;Ljakarta/servlet/ServletRequest;Ljakarta/servlet/ServletResponse;)V+35
j  org.springframework.security.web.FilterChainProxy$$Lambda$1537+0x00000237019d0000.doFilter(Ljakarta/servlet/ServletRequest;Ljakarta/servlet/ServletResponse;)V+10
J 12712 c1 org.springframework.security.web.FilterChainProxy$VirtualFilterChain.doFilter(Ljakarta/servlet/ServletRequest;Ljakarta/servlet/ServletResponse;)V (111 bytes) @ 0x000002375454fda4 [0x000002375454f320+0x0000000000000a84]
j  org.springframework.security.web.access.intercept.AuthorizationFilter.doFilter(Ljakarta/servlet/ServletRequest;Ljakarta/servlet/ServletResponse;Ljakarta/servlet/FilterChain;)V+143
J 12712 c1 org.springframework.security.web.FilterChainProxy$VirtualFilterChain.doFilter(Ljakarta/servlet/ServletRequest;Ljakarta/servlet/ServletResponse;)V (111 bytes) @ 0x000002375454fccc [0x000002375454f320+0x00000000000009ac]
j  org.springframework.security.web.access.ExceptionTranslationFilter.doFilter(Ljakarta/servlet/http/HttpServletRequest;Ljakarta/servlet/http/HttpServletResponse;Ljakarta/servlet/FilterChain;)V+3
j  org.springframework.security.web.access.ExceptionTranslationFilter.doFilter(Ljakarta/servlet/ServletRequest;Ljakarta/servlet/ServletResponse;Ljakarta/servlet/FilterChain;)V+10
J 12712 c1 org.springframework.security.web.FilterChainProxy$VirtualFilterChain.doFilter(Ljakarta/servlet/ServletRequest;Ljakarta/servlet/ServletResponse;)V (111 bytes) @ 0x000002375454fccc [0x000002375454f320+0x00000000000009ac]
j  org.springframework.security.web.session.SessionManagementFilter.doFilter(Ljakarta/servlet/http/HttpServletRequest;Ljakarta/servlet/http/HttpServletResponse;Ljakarta/servlet/FilterChain;)V+228
j  org.springframework.security.web.session.SessionManagementFilter.doFilter(Ljakarta/servlet/ServletRequest;Ljakarta/servlet/ServletResponse;Ljakarta/servlet/FilterChain;)V+10
J 12712 c1 org.springframework.security.web.FilterChainProxy$VirtualFilterChain.doFilter(Ljakarta/servlet/ServletRequest;Ljakarta/servlet/ServletResponse;)V (111 bytes) @ 0x000002375454fccc [0x000002375454f320+0x00000000000009ac]
j  org.springframework.security.web.authentication.AnonymousAuthenticationFilter.doFilter(Ljakarta/servlet/ServletRequest;Ljakarta/servlet/ServletResponse;Ljakarta/servlet/FilterChain;)V+33
J 12712 c1 org.springframework.security.web.FilterChainProxy$VirtualFilterChain.doFilter(Ljakarta/servlet/ServletRequest;Ljakarta/servlet/ServletResponse;)V (111 bytes) @ 0x000002375454fccc [0x000002375454f320+0x00000000000009ac]
j  org.springframework.security.web.servletapi.SecurityContextHolderAwareRequestFilter.doFilter(Ljakarta/servlet/ServletRequest;Ljakarta/servlet/ServletResponse;Ljakarta/servlet/FilterChain;)V+19
J 12712 c1 org.springframework.security.web.FilterChainProxy$VirtualFilterChain.doFilter(Ljakarta/servlet/ServletRequest;Ljakarta/servlet/ServletResponse;)V (111 bytes) @ 0x000002375454fccc [0x000002375454f320+0x00000000000009ac]
j  org.springframework.security.web.savedrequest.RequestCacheAwareFilter.doFilter(Ljakarta/servlet/ServletRequest;Ljakarta/servlet/ServletResponse;Ljakarta/servlet/FilterChain;)V+32
J 12712 c1 org.springframework.security.web.FilterChainProxy$VirtualFilterChain.doFilter(Ljakarta/servlet/ServletRequest;Ljakarta/servlet/ServletResponse;)V (111 bytes) @ 0x000002375454fccc [0x000002375454f320+0x00000000000009ac]
j  com.aza.api.util.JwtAuthenticationFilter.doFilterInternal(Ljakarta/servlet/http/HttpServletRequest;Ljakarta/servlet/http/HttpServletResponse;Ljakarta/servlet/FilterChain;)V+123
J 13162 c1 org.springframework.web.filter.OncePerRequestFilter.doFilter(Ljakarta/servlet/ServletRequest;Ljakarta/servlet/ServletResponse;Ljakarta/servlet/FilterChain;)V (178 bytes) @ 0x00000237550d8e8c [0x00000237550d7560+0x000000000000192c]
J 12712 c1 org.springframework.security.web.FilterChainProxy$VirtualFilterChain.doFilter(Ljakarta/servlet/ServletRequest;Ljakarta/servlet/ServletResponse;)V (111 bytes) @ 0x000002375454fccc [0x000002375454f320+0x00000000000009ac]
j  org.springframework.security.web.authentication.logout.LogoutFilter.doFilter(Ljakarta/servlet/http/HttpServletRequest;Ljakarta/servlet/http/HttpServletResponse;Ljakarta/servlet/FilterChain;)V+83
j  org.springframework.security.web.authentication.logout.LogoutFilter.doFilter(Ljakarta/servlet/ServletRequest;Ljakarta/servlet/ServletResponse;Ljakarta/servlet/FilterChain;)V+10
J 12712 c1 org.springframework.security.web.FilterChainProxy$VirtualFilterChain.doFilter(Ljakarta/servlet/ServletRequest;Ljakarta/servlet/ServletResponse;)V (111 bytes) @ 0x000002375454fccc [0x000002375454f320+0x00000000000009ac]
j  org.springframework.security.web.header.HeaderWriterFilter.doHeadersAfter(Ljakarta/servlet/http/HttpServletRequest;Ljakarta/servlet/http/HttpServletResponse;Ljakarta/servlet/FilterChain;)V+29
j  org.springframework.security.web.header.HeaderWriterFilter.doFilterInternal(Ljakarta/servlet/http/HttpServletRequest;Ljakarta/servlet/http/HttpServletResponse;Ljakarta/servlet/FilterChain;)V+21
J 13162 c1 org.springframework.web.filter.OncePerRequestFilter.doFilter(Ljakarta/servlet/ServletRequest;Ljakarta/servlet/ServletResponse;Ljakarta/servlet/FilterChain;)V (178 bytes) @ 0x00000237550d8e8c [0x00000237550d7560+0x000000000000192c]
J 12712 c1 org.springframework.security.web.FilterChainProxy$VirtualFilterChain.doFilter(Ljakarta/servlet/ServletRequest;Ljakarta/servlet/ServletResponse;)V (111 bytes) @ 0x000002375454fccc [0x000002375454f320+0x00000000000009ac]
j  org.springframework.security.web.context.SecurityContextHolderFilter.doFilter(Ljakarta/servlet/http/HttpServletRequest;Ljakarta/servlet/http/HttpServletResponse;Ljakarta/servlet/FilterChain;)V+59
j  org.springframework.security.web.context.SecurityContextHolderFilter.doFilter(Ljakarta/servlet/ServletRequest;Ljakarta/servlet/ServletResponse;Ljakarta/servlet/FilterChain;)V+10
J 12712 c1 org.springframework.security.web.FilterChainProxy$VirtualFilterChain.doFilter(Ljakarta/servlet/ServletRequest;Ljakarta/servlet/ServletResponse;)V (111 bytes) @ 0x000002375454fccc [0x000002375454f320+0x00000000000009ac]
j  org.springframework.security.web.context.request.async.WebAsyncManagerIntegrationFilter.doFilterInternal(Ljakarta/servlet/http/HttpServletRequest;Ljakarta/servlet/http/HttpServletResponse;Ljakarta/servlet/FilterChain;)V+55
J 13162 c1 org.springframework.web.filter.OncePerRequestFilter.doFilter(Ljakarta/servlet/ServletRequest;Ljakarta/servlet/ServletResponse;Ljakarta/servlet/FilterChain;)V (178 bytes) @ 0x00000237550d8e8c [0x00000237550d7560+0x000000000000192c]
J 12712 c1 org.springframework.security.web.FilterChainProxy$VirtualFilterChain.doFilter(Ljakarta/servlet/ServletRequest;Ljakarta/servlet/ServletResponse;)V (111 bytes) @ 0x000002375454fccc [0x000002375454f320+0x00000000000009ac]
j  org.springframework.security.web.session.DisableEncodeUrlFilter.doFilterInternal(Ljakarta/servlet/http/HttpServletRequest;Ljakarta/servlet/http/HttpServletResponse;Ljakarta/servlet/FilterChain;)V+10
J 13162 c1 org.springframework.web.filter.OncePerRequestFilter.doFilter(Ljakarta/servlet/ServletRequest;Ljakarta/servlet/ServletResponse;Ljakarta/servlet/FilterChain;)V (178 bytes) @ 0x00000237550d8e8c [0x00000237550d7560+0x000000000000192c]
J 12712 c1 org.springframework.security.web.FilterChainProxy$VirtualFilterChain.doFilter(Ljakarta/servlet/ServletRequest;Ljakarta/servlet/ServletResponse;)V (111 bytes) @ 0x000002375454fccc [0x000002375454f320+0x00000000000009ac]
j  org.springframework.security.web.FilterChainProxy.doFilterInternal(Ljakarta/servlet/ServletRequest;Ljakarta/servlet/ServletResponse;Ljakarta/servlet/FilterChain;)V+163
j  org.springframework.security.web.FilterChainProxy.doFilter(Ljakarta/servlet/ServletRequest;Ljakarta/servlet/ServletResponse;Ljakarta/servlet/FilterChain;)V+48
j  org.springframework.web.filter.DelegatingFilterProxy.invokeDelegate(Ljakarta/servlet/Filter;Ljakarta/servlet/ServletRequest;Ljakarta/servlet/ServletResponse;Ljakarta/servlet/FilterChain;)V+5
j  org.springframework.web.filter.DelegatingFilterProxy.doFilter(Ljakarta/servlet/ServletRequest;Ljakarta/servlet/ServletResponse;Ljakarta/servlet/FilterChain;)V+85
J 14916 c1 org.apache.catalina.core.ApplicationFilterChain.internalDoFilter(Ljakarta/servlet/ServletRequest;Ljakarta/servlet/ServletResponse;)V (391 bytes) @ 0x0000023754b2951c [0x0000023754b29100+0x000000000000041c]
J 13333 c1 org.apache.catalina.core.ApplicationFilterChain.doFilter(Ljakarta/servlet/ServletRequest;Ljakarta/servlet/ServletResponse;)V (103 bytes) @ 0x0000023754e34c54 [0x0000023754e34ba0+0x00000000000000b4]
j  org.springframework.web.filter.RequestContextFilter.doFilterInternal(Ljakarta/servlet/http/HttpServletRequest;Ljakarta/servlet/http/HttpServletResponse;Ljakarta/servlet/FilterChain;)V+21
J 13162 c1 org.springframework.web.filter.OncePerRequestFilter.doFilter(Ljakarta/servlet/ServletRequest;Ljakarta/servlet/ServletResponse;Ljakarta/servlet/FilterChain;)V (178 bytes) @ 0x00000237550d8e8c [0x00000237550d7560+0x000000000000192c]
J 14916 c1 org.apache.catalina.core.ApplicationFilterChain.internalDoFilter(Ljakarta/servlet/ServletRequest;Ljakarta/servlet/ServletResponse;)V (391 bytes) @ 0x0000023754b2951c [0x0000023754b29100+0x000000000000041c]
J 13333 c1 org.apache.catalina.core.ApplicationFilterChain.doFilter(Ljakarta/servlet/ServletRequest;Ljakarta/servlet/ServletResponse;)V (103 bytes) @ 0x0000023754e34c54 [0x0000023754e34ba0+0x00000000000000b4]
j  org.springframework.web.filter.FormContentFilter.doFilterInternal(Ljakarta/servlet/http/HttpServletRequest;Ljakarta/servlet/http/HttpServletResponse;Ljakarta/servlet/FilterChain;)V+38
J 13162 c1 org.springframework.web.filter.OncePerRequestFilter.doFilter(Ljakarta/servlet/ServletRequest;Ljakarta/servlet/ServletResponse;Ljakarta/servlet/FilterChain;)V (178 bytes) @ 0x00000237550d8e8c [0x00000237550d7560+0x000000000000192c]
J 14916 c1 org.apache.catalina.core.ApplicationFilterChain.internalDoFilter(Ljakarta/servlet/ServletRequest;Ljakarta/servlet/ServletResponse;)V (391 bytes) @ 0x0000023754b2951c [0x0000023754b29100+0x000000000000041c]
J 13333 c1 org.apache.catalina.core.ApplicationFilterChain.doFilter(Ljakarta/servlet/ServletRequest;Ljakarta/servlet/ServletResponse;)V (103 bytes) @ 0x0000023754e34c54 [0x0000023754e34ba0+0x00000000000000b4]
j  org.springframework.web.filter.CharacterEncodingFilter.doFilterInternal(Ljakarta/servlet/http/HttpServletRequest;Ljakarta/servlet/http/HttpServletResponse;Ljakarta/servlet/FilterChain;)V+53
J 13162 c1 org.springframework.web.filter.OncePerRequestFilter.doFilter(Ljakarta/servlet/ServletRequest;Ljakarta/servlet/ServletResponse;Ljakarta/servlet/FilterChain;)V (178 bytes) @ 0x00000237550d8e8c [0x00000237550d7560+0x000000000000192c]
J 14916 c1 org.apache.catalina.core.ApplicationFilterChain.internalDoFilter(Ljakarta/servlet/ServletRequest;Ljakarta/servlet/ServletResponse;)V (391 bytes) @ 0x0000023754b2951c [0x0000023754b29100+0x000000000000041c]
J 13333 c1 org.apache.catalina.core.ApplicationFilterChain.doFilter(Ljakarta/servlet/ServletRequest;Ljakarta/servlet/ServletResponse;)V (103 bytes) @ 0x0000023754e34c54 [0x0000023754e34ba0+0x00000000000000b4]
j  org.apache.catalina.core.StandardWrapperValve.invoke(Lorg/apache/catalina/connector/Request;Lorg/apache/catalina/connector/Response;)V+514
j  org.apache.catalina.core.StandardContextValve.invoke(Lorg/apache/catalina/connector/Request;Lorg/apache/catalina/connector/Response;)V+169
j  org.apache.catalina.authenticator.AuthenticatorBase.invoke(Lorg/apache/catalina/connector/Request;Lorg/apache/catalina/connector/Response;)V+221
j  org.apache.catalina.core.StandardHostValve.invoke(Lorg/apache/catalina/connector/Request;Lorg/apache/catalina/connector/Response;)V+131
j  org.apache.catalina.valves.ErrorReportValve.invoke(Lorg/apache/catalina/connector/Request;Lorg/apache/catalina/connector/Response;)V+6
j  org.apache.catalina.core.StandardEngineValve.invoke(Lorg/apache/catalina/connector/Request;Lorg/apache/catalina/connector/Response;)V+59
j  org.apache.catalina.connector.CoyoteAdapter.service(Lorg/apache/coyote/Request;Lorg/apache/coyote/Response;)V+188
j  org.apache.coyote.http11.Http11Processor.service(Lorg/apache/tomcat/util/net/SocketWrapperBase;)Lorg/apache/tomcat/util/net/AbstractEndpoint$Handler$SocketState;+795
j  org.apache.coyote.AbstractProcessorLight.process(Lorg/apache/tomcat/util/net/SocketWrapperBase;Lorg/apache/tomcat/util/net/SocketEvent;)Lorg/apache/tomcat/util/net/AbstractEndpoint$Handler$SocketState;+155
j  org.apache.coyote.AbstractProtocol$ConnectionHandler.process(Lorg/apache/tomcat/util/net/SocketWrapperBase;Lorg/apache/tomcat/util/net/SocketEvent;)Lorg/apache/tomcat/util/net/AbstractEndpoint$Handler$SocketState;+482
j  org.apache.tomcat.util.net.NioEndpoint$SocketProcessor.doRun()V+249
j  org.apache.tomcat.util.net.SocketProcessorBase.run()V+32
j  org.apache.tomcat.util.threads.ThreadPoolExecutor.runWorker(Lorg/apache/tomcat/util/threads/ThreadPoolExecutor$Worker;)V+92
j  org.apache.tomcat.util.threads.ThreadPoolExecutor$Worker.run()V+5
j  org.apache.tomcat.util.threads.TaskThread$WrappingRunnable.run()V+4
j  java.lang.Thread.runWith(Ljava/lang/Object;Ljava/lang/Runnable;)V+5 java.base@20.0.2
j  java.lang.Thread.run()V+19 java.base@20.0.2
v  ~StubRoutines::call_stub 0x000002375b3e100d

siginfo: EXCEPTION_ACCESS_VIOLATION (0xc0000005), reading address 0x0000023a93cd3ec8


Registers:
RAX=0x00000237645a0000, RBX=0x000002374be508a0, RCX=0x000000000000002b, RDX=0x0000000000000001
RSP=0x000000d31f6fdf30, RBP=0x000000d31f6fe0d0, RSI=0x000000d31f6fe2b0, RDI=0x000000197b99f66b
R8 =0x0000023a93cd3ec8, R9 =0x000002376ae2c038, R10=0x000002375b3e0000, R11=0x000000d31f6fe158
R12=0x0000000000000000, R13=0x00000000000003d8, R14=0x0000000000000002, R15=0x000002376f04a2c0
RIP=0x00007ffe45b5d05e, EFLAGS=0x0000000000010206


Register to memory mapping:

RIP=0x00007ffe45b5d05e jvm.dll
RAX=0x00000237645a0000 points into unknown readable memory: 0x0000000000000001 | 01 00 00 00 00 00 00 00
RBX=0x000002374be508a0 points into unknown readable memory: 0x00007ffe461c2200 | 00 22 1c 46 fe 7f 00 00
RCX=0x000000000000002b is an unknown value
RDX=0x0000000000000001 is an unknown value
RSP=0x000000d31f6fdf30 points into unknown readable memory: 0x000000d31f6fe130 | 30 e1 6f 1f d3 00 00 00
RBP=0x000000d31f6fe0d0 points into unknown readable memory: 0x0000023700017f58 | 58 7f 01 00 37 02 00 00
RSI=0x000000d31f6fe2b0 points into unknown readable memory: 0x000000d3214fb348 | 48 b3 4f 21 d3 00 00 00
RDI=0x000000197b99f66b is an unknown value
R8 =0x0000023a93cd3ec8 is an unknown value
R9 =0x000002376ae2c038 is pointing into metadata
R10=0x000002375b3e0000 points into unknown readable memory: 0x0000000000000006 | 06 00 00 00 00 00 00 00
R11=0x000000d31f6fe158 points into unknown readable memory: 0x00007ffe45b575bd | bd 75 b5 45 fe 7f 00 00
R12=0x0 is NULL
R13=0x00000000000003d8 is an unknown value
R14=0x0000000000000002 is an unknown value
R15=0x000002376f04a2c0 points into unknown readable memory: 0x0000000000000002 | 02 00 00 00 00 00 00 00


Top of Stack: (sp=0x000000d31f6fdf30)
0x000000d31f6fdf30:   000000d31f6fe130 00007ffe45f75bd2
0x000000d31f6fdf40:   0000000745980a18 000000100c612609
0x000000d31f6fdf50:   00000237741b5580 00007ffe45b851da
0x000000d31f6fdf60:   000000d3214fb358 00007ffe45f75bd2
0x000000d31f6fdf70:   0000000000000000 000000d31f6fe2b0
0x000000d31f6fdf80:   0000000000000010 00007ffe45eeb289
0x000000d31f6fdf90:   00000237741b5580 00007ffe45b85102
0x000000d31f6fdfa0:   000000d31f6fe068 000000d3214fb358
0x000000d31f6fdfb0:   0000023700480090 0000000000000000
0x000000d31f6fdfc0:   0000000000000004 00007ffe45b57b7d
0x000000d31f6fdfd0:   00000237741b5b30 0000000000000004
0x000000d31f6fdfe0:   00000237741b5b30 000000d31f6fe2b0
0x000000d31f6fdff0:   0000000b741b5501 000002376ae2c298
0x000000d31f6fe000:   000002376f06f9b0 000002370053f1c0
0x000000d31f6fe010:   000002376e401c60 00000000000003d8
0x000000d31f6fe020:   000002376e401c70 000002376e402048
0x000000d31f6fe030:   000002376ae2c28b 00007ffe000000b8
0x000000d31f6fe040:   000002376ae2c298 00007ffe461bdd00
0x000000d31f6fe050:   000000d31f6fe2b0 00000237741b5b30
0x000000d31f6fe060:   0000000400000003 000002370053f1c0
0x000000d31f6fe070:   0000001300000001 0000000000000055
0x000000d31f6fe080:   000000010000000c 0000023700480090
0x000000d31f6fe090:   0000000000000000 0000000000000002
0x000000d31f6fe0a0:   0000000300000001 0000000000000000
0x000000d31f6fe0b0:   00000237741b5580 00007ffe45b851da
0x000000d31f6fe0c0:   00000007495fdae8 00000000000003d8
0x000000d31f6fe0d0:   0000023700017f58 000000061f6f0013
0x000000d31f6fe0e0:   000000d300000000 0000000000000015
0x000000d31f6fe0f0:   00000237741b5580 00007ffe45b85102
0x000000d31f6fe100:   0000000000000000 00000007495fdae8
0x000000d31f6fe110:   0000d4ba3b24ef39 000002376f6bcc58
0x000000d31f6fe120:   0000000000000000 00000237741b5b30 

Instructions: (pc=0x00007ffe45b5d05e)
0x00007ffe45b5cf5e:   38 f0 4c 0f c1 04 c8 48 c7 42 08 00 00 00 00 44
0x00007ffe45b5cf6e:   89 12 49 ff 41 58 4c 01 5a 08 e9 49 ff ff ff 49
0x00007ffe45b5cf7e:   ff 41 50 4c 01 5a 08 e9 3c ff ff ff cc cc cc cc
0x00007ffe45b5cf8e:   cc cc 48 89 5c 24 08 57 48 83 ec 20 48 8b 01 48
0x00007ffe45b5cf9e:   8b fa 48 8b d9 ff 50 08 4c 8b c8 48 85 c0 74 66
0x00007ffe45b5cfae:   4c 8b 40 10 4c 2b 00 48 c7 40 28 00 00 00 00 4c
0x00007ffe45b5cfbe:   89 43 18 48 8b 50 10 48 8b 48 08 48 8b c7 48 2b
0x00007ffe45b5cfce:   ca 48 c1 e9 03 48 3b cf 48 0f 42 c1 48 3b c7 72
0x00007ffe45b5cfde:   1e 48 8d 04 c2 49 89 41 10 90 ff 43 10 48 8b c2
0x00007ffe45b5cfee:   4c 89 4b 08 48 8b 5c 24 30 48 83 c4 20 5f c3 33
0x00007ffe45b5cffe:   d2 90 ff 43 10 8b c2 4c 89 4b 08 48 8b 5c 24 30
0x00007ffe45b5d00e:   48 83 c4 20 5f c3 48 8b 5c 24 30 48 83 c4 20 5f
0x00007ffe45b5d01e:   c3 cc 48 89 5c 24 08 57 48 83 ec 20 48 8b 01 48
0x00007ffe45b5d02e:   8b fa 48 8b d9 ff 10 48 2b 7b 08 8b 4b 18 48 8b
0x00007ffe45b5d03e:   43 20 48 c1 ef 03 48 d3 ef 40 0f b6 cf 48 8b d7
0x00007ffe45b5d04e:   48 c1 ea 06 80 e1 3f 4c 8d 04 d0 ba 01 00 00 00
0x00007ffe45b5d05e:   49 8b 00 48 d3 e2 48 8b c8 48 0b ca 48 3b c8 74
0x00007ffe45b5d06e:   13 90 f0 49 0f b1 08 74 18 48 8b c8 48 0b ca 48
0x00007ffe45b5d07e:   3b c8 75 ee 32 c0 48 8b 5c 24 30 48 83 c4 20 5f
0x00007ffe45b5d08e:   c3 48 8b 5c 24 30 b0 01 48 83 c4 20 5f c3 cc cc
0x00007ffe45b5d09e:   cc cc 48 89 5c 24 08 57 48 83 ec 20 4c 8b 41 30
0x00007ffe45b5d0ae:   48 8b da 48 8b f9 45 8b 88 80 00 00 00 41 8b 80
0x00007ffe45b5d0be:   00 01 00 00 41 8b d1 2b d0 81 e2 ff ff 01 00 81
0x00007ffe45b5d0ce:   fa fe ff 01 00 73 26 49 8b 80 80 01 00 00 4a 89
0x00007ffe45b5d0de:   1c c8 41 8d 41 01 25 ff ff 01 00 41 89 80 80 00
0x00007ffe45b5d0ee:   00 00 48 8b 5c 24 30 48 83 c4 20 5f c3 e8 90 9d
0x00007ffe45b5d0fe:   01 00 48 8b 57 30 44 8b 82 80 00 00 00 8b 82 00
0x00007ffe45b5d10e:   01 00 00 41 8b c8 2b c8 81 e1 ff ff 01 00 81 f9
0x00007ffe45b5d11e:   fe ff 01 00 73 1a 48 8b 82 80 01 00 00 4a 89 1c
0x00007ffe45b5d12e:   c0 41 8d 40 01 25 ff ff 01 00 89 82 80 00 00 00
0x00007ffe45b5d13e:   48 8b 5c 24 30 48 83 c4 20 5f c3 cc cc cc cc cc
0x00007ffe45b5d14e:   cc cc 48 89 5c 24 08 57 48 83 ec 20 48 8b 79 08 


Stack slot to memory mapping:
stack at sp + 0 slots: 0x000000d31f6fe130 points into unknown readable memory: 0x00000000000003d8 | d8 03 00 00 00 00 00 00
stack at sp + 1 slots: 0x00007ffe45f75bd2 jvm.dll
stack at sp + 2 slots: 0x0000000745980a18 is an oop: org.springframework.boot.devtools.livereload.LiveReloadServer 
{0x0000000745980a18} - klass: 'org/springframework/boot/devtools/livereload/LiveReloadServer'
 - ---- fields (total size 5 words):
 - private final 'port' 'I' @12  35729 (0x00008b91)
 - private final 'executor' 'Ljava/util/concurrent/ExecutorService;' @16  a 'java/util/concurrent/ThreadPoolExecutor'{0x0000000745980a40} (0xe8b30148)
 - private final 'connections' 'Ljava/util/List;' @20  a 'java/util/ArrayList'{0x0000000745980c38} (0xe8b30187)
 - private final 'monitor' 'Ljava/lang/Object;' @24  a 'java/lang/Object'{0x0000000745980c50} (0xe8b3018a)
 - private final 'threadFactory' 'Ljava/util/concurrent/ThreadFactory;' @28  a 'org/springframework/boot/devtools/restart/Restarter$LeakSafeThreadFactory'{0x0000000745980c60} (0xe8b3018c)
 - private 'serverSocket' 'Ljava/net/ServerSocket;' @32  a 'java/net/ServerSocket'{0x00000007495fdc70} (0xe92bfb8e)
 - private 'listenThread' 'Ljava/lang/Thread;' @36  a 'java/lang/Thread'{0x00000007495fdae8} (0xe92bfb5d)
stack at sp + 3 slots: 0x000000100c612609 is an unknown value
stack at sp + 4 slots: 0x00000237741b5580 points into unknown readable memory: 0x000000d31e2fefe0 | e0 ef 2f 1e d3 00 00 00
stack at sp + 5 slots: 0x00007ffe45b851da jvm.dll
stack at sp + 6 slots: 0x000000d3214fb358 is pointing into the stack for thread: 0x0000023771e5d000
stack at sp + 7 slots: 0x00007ffe45f75bd2 jvm.dll


---------------  P R O C E S S  ---------------

Threads class SMR info:
_java_thread_list=0x000002376ec382e0, length=18, elements={
0x000002376a0d2cd0, 0x000002376a0d3ad0, 0x000002376a0d4f40, 0x000002376a0db170,
0x000002376a0ddb60, 0x000002376a0de4c0, 0x000002376a0e0e80, 0x000002376a0e9550,
0x000002376e516860, 0x000002376e5272f0, 0x000002376e5194f0, 0x000002376e51aa60,
0x000002376e532180, 0x0000023775a46130, 0x0000023771e60520, 0x0000023772712fe0,
0x0000023771e5d000, 0x000002377270f570
}

Java Threads: ( => current thread )
  0x000002376a0d2cd0 JavaThread "Reference Handler" daemon [_thread_blocked, id=23544, stack(0x000000d31e300000,0x000000d31e400000)]
  0x000002376a0d3ad0 JavaThread "Finalizer" daemon [_thread_blocked, id=10380, stack(0x000000d31e400000,0x000000d31e500000)]
  0x000002376a0d4f40 JavaThread "Signal Dispatcher" daemon [_thread_blocked, id=18256, stack(0x000000d31e500000,0x000000d31e600000)]
  0x000002376a0db170 JavaThread "Attach Listener" daemon [_thread_blocked, id=19552, stack(0x000000d31e600000,0x000000d31e700000)]
  0x000002376a0ddb60 JavaThread "Service Thread" daemon [_thread_blocked, id=15488, stack(0x000000d31e700000,0x000000d31e800000)]
  0x000002376a0de4c0 JavaThread "Monitor Deflation Thread" daemon [_thread_blocked, id=24824, stack(0x000000d31e800000,0x000000d31e900000)]
  0x000002376a0e0e80 JavaThread "C2 CompilerThread0" daemon [_thread_blocked, id=23276, stack(0x000000d31e900000,0x000000d31ea00000)]
  0x000002376a0e9550 JavaThread "C1 CompilerThread0" daemon [_thread_blocked, id=22972, stack(0x000000d31ea00000,0x000000d31eb00000)]
  0x000002376e516860 JavaThread "JDWP Transport Listener: dt_socket" daemon [_thread_blocked, id=11628, stack(0x000000d31eb00000,0x000000d31ec00000)]
  0x000002376e5272f0 JavaThread "JDWP Event Helper Thread" daemon [_thread_blocked, id=8412, stack(0x000000d31ec00000,0x000000d31ed00000)]
  0x000002376e5194f0 JavaThread "JDWP Command Reader" daemon [_thread_in_native, id=8668, stack(0x000000d31ed00000,0x000000d31ee00000)]
  0x000002376e51aa60 JavaThread "Notification Thread" daemon [_thread_blocked, id=18940, stack(0x000000d31ee00000,0x000000d31ef00000)]
  0x000002376e532180 JavaThread "Common-Cleaner" daemon [_thread_blocked, id=15872, stack(0x000000d31f000000,0x000000d31f100000)]
  0x0000023775a46130 JavaThread "mysql-cj-abandoned-connection-cleanup" daemon [_thread_blocked, id=17476, stack(0x000000d320000000,0x000000d320100000)]
  0x0000023771e60520 JavaThread "DestroyJavaVM" [_thread_blocked, id=26572, stack(0x000000d31dc00000,0x000000d31dd00000)]
  0x0000023772712fe0 JavaThread "Live Reload Server" daemon [_thread_in_native, id=20240, stack(0x000000d320b00000,0x000000d320c00000)]
  0x0000023771e5d000 JavaThread "http-nio-8011-exec-10" daemon [_thread_blocked, id=24076, stack(0x000000d321400000,0x000000d321500000)]
  0x000002377270f570 JavaThread "Thread-9" [_thread_blocked, id=19300, stack(0x000000d31db00000,0x000000d31dc00000)]

Other Threads:
  0x000002376a0b7210 VMThread "VM Thread" [stack: 0x000000d31e200000,0x000000d31e300000] [id=13516]
  0x000002376e51afb0 WatcherThread "VM Periodic Task Thread" [stack: 0x000000d31ef00000,0x000000d31f000000] [id=15056]
  0x000002374be50270 WorkerThread "GC Thread#0" [stack: 0x000000d31dd00000,0x000000d31de00000] [id=8276]
  0x000002376f0affa0 WorkerThread "GC Thread#1" [stack: 0x000000d31f500000,0x000000d31f600000] [id=6328]
=>0x000002376f06f9b0 WorkerThread "GC Thread#2" [stack: 0x000000d31f600000,0x000000d31f700000] [id=12112]
  0x000002376f06fc80 WorkerThread "GC Thread#3" [stack: 0x000000d31f700000,0x000000d31f800000] [id=5824]
  0x000002376f0beeb0 WorkerThread "GC Thread#4" [stack: 0x000000d31f800000,0x000000d31f900000] [id=13924]
  0x000002376f0be640 WorkerThread "GC Thread#5" [stack: 0x000000d31f900000,0x000000d31fa00000] [id=24296]
  0x000002376f0bf9f0 WorkerThread "GC Thread#6" [stack: 0x000000d31fa00000,0x000000d31fb00000] [id=8352]
  0x000002376f0be910 WorkerThread "GC Thread#7" [stack: 0x000000d31fb00000,0x000000d31fc00000] [id=26488]
  0x000002376f0bf450 WorkerThread "GC Thread#8" [stack: 0x000000d31fc00000,0x000000d31fd00000] [id=7324]
  0x000002376f0bfcc0 WorkerThread "GC Thread#9" [stack: 0x000000d31fd00000,0x000000d31fe00000] [id=21456]
  0x000002374be5cd00 ConcurrentGCThread "G1 Main Marker" [stack: 0x000000d31de00000,0x000000d31df00000] [id=26352]
  0x000002374be5d8d0 WorkerThread "G1 Conc#0" [stack: 0x000000d31df00000,0x000000d31e000000] [id=19924]
  0x000002377035bed0 WorkerThread "G1 Conc#1" [stack: 0x000000d31fe00000,0x000000d31ff00000] [id=14988]
  0x000002377035b930 WorkerThread "G1 Conc#2" [stack: 0x000000d31ff00000,0x000000d320000000] [id=24852]
  0x000002374be9e9d0 ConcurrentGCThread "G1 Refine#0" [stack: 0x000000d31e000000,0x000000d31e100000] [id=13156]
  0x0000023769f77690 ConcurrentGCThread "G1 Service" [stack: 0x000000d31e100000,0x000000d31e200000] [id=19056]

Threads with active compile tasks:
C2 CompilerThread0  5376733 16040   !   4       org.springframework.util.ConcurrentReferenceHashMap$Segment::clear (69 bytes)

VM state: at safepoint (normal execution)

VM Mutex/Monitor currently owned by a thread:  ([mutex/lock_event])
[0x0000023749cfc620] Threads_lock - owner thread: 0x000002376a0b7210
[0x0000023749cfcbc0] Heap_lock - owner thread: 0x000002377270f570

Heap address: 0x0000000744800000, size: 3000 MB, Compressed Oops mode: Zero based, Oop shift amount: 3

CDS archive(s) mapped at: [0x0000023700000000-0x0000023700c60000-0x0000023700c60000), size 12976128, SharedBaseAddress: 0x0000023700000000, ArchiveRelocationMode: 1.
Compressed class space mapped at: 0x0000023701000000-0x0000023741000000, reserved size: 1073741824
Narrow klass base: 0x0000023700000000, Narrow klass shift: 0, Narrow klass range: 0x100000000

GC Precious Log:
 CardTable entry size: 512
 Card Set container configuration: InlinePtr #cards 4 size 8 Array Of Cards #cards 16 size 48 Howl #buckets 8 coarsen threshold 3686 Howl Bitmap #cards 512 size 80 coarsen threshold 460 Card regions per heap region 1 cards per card region 4096
 CPUs: 12 total, 12 available
 Memory: 11992M
 Large Page Support: Disabled
 NUMA Support: Disabled
 Compressed Oops: Enabled (Zero based)
 Heap Region Size: 2M
 Heap Min Capacity: 8M
 Heap Initial Capacity: 188M
 Heap Max Capacity: 3000M
 Pre-touch: Disabled
 Parallel Workers: 10
 Concurrent Workers: 3
 Concurrent Refinement Workers: 10
 Periodic GC: Disabled

Heap:
 garbage-first heap   total 122880K, used 94101K [0x0000000744800000, 0x0000000800000000)
  region size 2048K, 18 young (36864K), 1 survivors (2048K)
 Metaspace       used 82093K, committed 83008K, reserved 1179648K
  class space    used 10114K, committed 10624K, reserved 1048576K

Heap Regions: E=young(eden), S=young(survivor), O=old, HS=humongous(starts), HC=humongous(continues), CS=collection set, F=free, OA=open archive, CA=closed archive, TAMS=top-at-mark-start, PB=parsable bottom
|   0|0x0000000744800000, 0x0000000744a00000, 0x0000000744a00000|100%| O|  |TAMS 0x0000000744800000| PB 0x0000000744800000| Untracked 
|   1|0x0000000744a00000, 0x0000000744c00000, 0x0000000744c00000|100%| O|  |TAMS 0x0000000744a00000| PB 0x0000000744a00000| Untracked 
|   2|0x0000000744c00000, 0x0000000744e00000, 0x0000000744e00000|100%| O|  |TAMS 0x0000000744c00000| PB 0x0000000744c00000| Untracked 
|   3|0x0000000744e00000, 0x0000000744ffffe0, 0x0000000745000000| 99%| O|  |TAMS 0x0000000744e00000| PB 0x0000000744e00000| Untracked 
|   4|0x0000000745000000, 0x00000007451fffd0, 0x0000000745200000| 99%| O|  |TAMS 0x0000000745000000| PB 0x0000000745000000| Untracked 
|   5|0x0000000745200000, 0x00000007453ffff8, 0x0000000745400000| 99%| O|  |TAMS 0x0000000745200000| PB 0x0000000745200000| Untracked 
|   6|0x0000000745400000, 0x0000000745600000, 0x0000000745600000|100%| O|  |TAMS 0x0000000745400000| PB 0x0000000745400000| Untracked 
|   7|0x0000000745600000, 0x00000007457fffe0, 0x0000000745800000| 99%| O|  |TAMS 0x0000000745600000| PB 0x0000000745600000| Untracked 
|   8|0x0000000745800000, 0x00000007459fffc0, 0x0000000745a00000| 99%| O|  |TAMS 0x0000000745800000| PB 0x0000000745800000| Untracked 
|   9|0x0000000745a00000, 0x0000000745bfff70, 0x0000000745c00000| 99%| O|  |TAMS 0x0000000745a00000| PB 0x0000000745a00000| Untracked 
|  10|0x0000000745c00000, 0x0000000745c00000, 0x0000000745e00000|  0%| F|  |TAMS 0x0000000745c00000| PB 0x0000000745c00000| Untracked 
|  11|0x0000000745e00000, 0x0000000746000000, 0x0000000746000000|100%| O|  |TAMS 0x0000000745e00000| PB 0x0000000745e00000| Untracked 
|  12|0x0000000746000000, 0x00000007461ffff0, 0x0000000746200000| 99%| O|  |TAMS 0x0000000746000000| PB 0x0000000746000000| Untracked 
|  13|0x0000000746200000, 0x0000000746400000, 0x0000000746400000|100%| O|  |TAMS 0x0000000746200000| PB 0x0000000746200000| Untracked 
|  14|0x0000000746400000, 0x0000000746600000, 0x0000000746600000|100%| O|  |TAMS 0x0000000746400000| PB 0x0000000746400000| Untracked 
|  15|0x0000000746600000, 0x0000000746800000, 0x0000000746800000|100%| O|  |TAMS 0x0000000746600000| PB 0x0000000746600000| Untracked 
|  16|0x0000000746800000, 0x00000007469e5d10, 0x0000000746a00000| 94%| O|  |TAMS 0x0000000746800000| PB 0x0000000746800000| Untracked 
|  17|0x0000000746a00000, 0x0000000746bc80d0, 0x0000000746c00000| 89%| O|  |TAMS 0x0000000746a00000| PB 0x0000000746a00000| Untracked 
|  18|0x0000000746c00000, 0x0000000746d53a00, 0x0000000746e00000| 66%| O|  |TAMS 0x0000000746c00000| PB 0x0000000746c00000| Untracked 
|  19|0x0000000746e00000, 0x0000000747000000, 0x0000000747000000|100%| O|  |TAMS 0x0000000746e00000| PB 0x0000000746e00000| Untracked 
|  20|0x0000000747000000, 0x0000000747200000, 0x0000000747200000|100%| O|  |TAMS 0x0000000747000000| PB 0x0000000747000000| Untracked 
|  21|0x0000000747200000, 0x0000000747400000, 0x0000000747400000|100%| O|  |TAMS 0x0000000747200000| PB 0x0000000747200000| Complete 
|  22|0x0000000747400000, 0x0000000747600000, 0x0000000747600000|100%| O|  |TAMS 0x0000000747400000| PB 0x0000000747400000| Untracked 
|  23|0x0000000747600000, 0x0000000747800000, 0x0000000747800000|100%| O|  |TAMS 0x0000000747600000| PB 0x0000000747600000| Untracked 
|  24|0x0000000747800000, 0x0000000747800000, 0x0000000747a00000|  0%| F|  |TAMS 0x0000000747800000| PB 0x0000000747800000| Untracked 
|  25|0x0000000747a00000, 0x0000000747a00000, 0x0000000747c00000|  0%| F|  |TAMS 0x0000000747a00000| PB 0x0000000747a00000| Untracked 
|  26|0x0000000747c00000, 0x0000000747e00000, 0x0000000747e00000|100%| O|  |TAMS 0x0000000747c00000| PB 0x0000000747c00000| Untracked 
|  27|0x0000000747e00000, 0x0000000747f048f8, 0x0000000748000000| 50%| S|  |TAMS 0x0000000747e00000| PB 0x0000000747e00000| Complete 
|  28|0x0000000748000000, 0x0000000748000000, 0x0000000748200000|  0%| F|  |TAMS 0x0000000748000000| PB 0x0000000748000000| Untracked 
|  29|0x0000000748200000, 0x0000000748400000, 0x0000000748400000|100%| O|  |TAMS 0x0000000748200000| PB 0x0000000748200000| Untracked 
|  30|0x0000000748400000, 0x0000000748400000, 0x0000000748600000|  0%| F|  |TAMS 0x0000000748400000| PB 0x0000000748400000| Untracked 
|  31|0x0000000748600000, 0x0000000748600000, 0x0000000748800000|  0%| F|  |TAMS 0x0000000748600000| PB 0x0000000748600000| Untracked 
|  32|0x0000000748800000, 0x0000000748800000, 0x0000000748a00000|  0%| F|  |TAMS 0x0000000748800000| PB 0x0000000748800000| Untracked 
|  33|0x0000000748a00000, 0x0000000748a00000, 0x0000000748c00000|  0%| F|  |TAMS 0x0000000748a00000| PB 0x0000000748a00000| Untracked 
|  34|0x0000000748c00000, 0x0000000748e00000, 0x0000000748e00000|100%| O|  |TAMS 0x0000000748c00000| PB 0x0000000748c00000| Untracked 
|  35|0x0000000748e00000, 0x0000000748e00000, 0x0000000749000000|  0%| F|  |TAMS 0x0000000748e00000| PB 0x0000000748e00000| Untracked 
|  36|0x0000000749000000, 0x0000000749200000, 0x0000000749200000|100%| O|  |TAMS 0x0000000749000000| PB 0x0000000749000000| Untracked 
|  37|0x0000000749200000, 0x0000000749400000, 0x0000000749400000|100%| O|  |TAMS 0x0000000749200000| PB 0x0000000749200000| Untracked 
|  38|0x0000000749400000, 0x0000000749600000, 0x0000000749600000|100%| O|  |TAMS 0x0000000749400000| PB 0x0000000749400000| Untracked 
|  39|0x0000000749600000, 0x0000000749600000, 0x0000000749800000|  0%| F|  |TAMS 0x0000000749600000| PB 0x0000000749600000| Untracked 
|  40|0x0000000749800000, 0x0000000749800000, 0x0000000749a00000|  0%| F|  |TAMS 0x0000000749800000| PB 0x0000000749800000| Untracked 
|  41|0x0000000749a00000, 0x0000000749a00000, 0x0000000749c00000|  0%| F|  |TAMS 0x0000000749a00000| PB 0x0000000749a00000| Untracked 
|  42|0x0000000749c00000, 0x0000000749c00000, 0x0000000749e00000|  0%| F|  |TAMS 0x0000000749c00000| PB 0x0000000749c00000| Untracked 
|  43|0x0000000749e00000, 0x0000000749fdf6c0, 0x000000074a000000| 93%| E|  |TAMS 0x0000000749e00000| PB 0x0000000749e00000| Complete 
|  44|0x000000074a000000, 0x000000074a200000, 0x000000074a200000|100%| E|  |TAMS 0x000000074a000000| PB 0x000000074a000000| Complete 
|  45|0x000000074a200000, 0x000000074a400000, 0x000000074a400000|100%| E|  |TAMS 0x000000074a200000| PB 0x000000074a200000| Complete 
|  46|0x000000074a400000, 0x000000074a600000, 0x000000074a600000|100%| E|  |TAMS 0x000000074a400000| PB 0x000000074a400000| Complete 
|  47|0x000000074a600000, 0x000000074a800000, 0x000000074a800000|100%| E|  |TAMS 0x000000074a600000| PB 0x000000074a600000| Complete 
|  48|0x000000074a800000, 0x000000074aa00000, 0x000000074aa00000|100%| E|  |TAMS 0x000000074a800000| PB 0x000000074a800000| Complete 
|  49|0x000000074aa00000, 0x000000074ac00000, 0x000000074ac00000|100%| E|  |TAMS 0x000000074aa00000| PB 0x000000074aa00000| Complete 
|  50|0x000000074ac00000, 0x000000074ae00000, 0x000000074ae00000|100%| E|  |TAMS 0x000000074ac00000| PB 0x000000074ac00000| Complete 
|  51|0x000000074ae00000, 0x000000074b000000, 0x000000074b000000|100%| E|  |TAMS 0x000000074ae00000| PB 0x000000074ae00000| Complete 
|  52|0x000000074b000000, 0x000000074b200000, 0x000000074b200000|100%| E|  |TAMS 0x000000074b000000| PB 0x000000074b000000| Complete 
|  56|0x000000074b800000, 0x000000074ba00000, 0x000000074ba00000|100%| E|  |TAMS 0x000000074b800000| PB 0x000000074b800000| Complete 
|  57|0x000000074ba00000, 0x000000074bc00000, 0x000000074bc00000|100%| E|  |TAMS 0x000000074ba00000| PB 0x000000074ba00000| Complete 
|  58|0x000000074bc00000, 0x000000074be00000, 0x000000074be00000|100%| E|  |TAMS 0x000000074bc00000| PB 0x000000074bc00000| Complete 
|  59|0x000000074be00000, 0x000000074c000000, 0x000000074c000000|100%| E|  |TAMS 0x000000074be00000| PB 0x000000074be00000| Complete 
|  93|0x0000000750200000, 0x0000000750400000, 0x0000000750400000|100%| E|  |TAMS 0x0000000750200000| PB 0x0000000750200000| Complete 
|1498|0x00000007ffc00000, 0x00000007ffe00000, 0x00000007ffe00000|100%| E|  |TAMS 0x00000007ffc00000| PB 0x00000007ffc00000| Complete 
|1499|0x00000007ffe00000, 0x0000000800000000, 0x0000000800000000|100%| E|  |TAMS 0x00000007ffe00000| PB 0x00000007ffe00000| Complete 

Card table byte_map: [0x00000237639e0000,0x0000023763fc0000] _byte_map_base: 0x000002375ffbc000

Marking Bits: (CMBitMap*) 0x000002374be508a0
 Bits: [0x00000237645a0000, 0x0000023767480000)

Polling page: 0x0000023749d80000

Metaspace:

Usage:
  Non-class:     70.29 MB used.
      Class:      9.88 MB used.
       Both:     80.17 MB used.

Virtual space:
  Non-class space:      128.00 MB reserved,      70.69 MB ( 55%) committed,  2 nodes.
      Class space:        1.00 GB reserved,      10.38 MB (  1%) committed,  1 nodes.
             Both:        1.12 GB reserved,      81.06 MB (  7%) committed. 

Chunk freelists:
   Non-Class:  972.00 KB
       Class:  1.62 MB
        Both:  2.57 MB

MaxMetaspaceSize: unlimited
CompressedClassSpaceSize: 1.00 GB
Initial GC threshold: 21.00 MB
Current GC threshold: 134.81 MB
CDS: on
MetaspaceReclaimPolicy: balanced
 - commit_granule_bytes: 65536.
 - commit_granule_words: 8192.
 - virtual_space_node_default_size: 8388608.
 - enlarge_chunks_in_place: 1.
 - new_chunks_are_fully_committed: 0.
 - uncommit_free_chunks: 1.
 - use_allocation_guard: 0.


Internal statistics:

num_allocs_failed_limit: 9.
num_arena_births: 1454.
num_arena_deaths: 364.
num_vsnodes_births: 3.
num_vsnodes_deaths: 0.
num_space_committed: 1297.
num_space_uncommitted: 0.
num_chunks_returned_to_freelist: 430.
num_chunks_taken_from_freelist: 4767.
num_chunk_merges: 111.
num_chunk_splits: 3140.
num_chunks_enlarged: 2262.
num_inconsistent_stats: 0.

CodeHeap 'non-profiled nmethods': size=120000Kb used=5536Kb max_used=8506Kb free=114463Kb
 bounds [0x000002375b980000, 0x000002375c1d0000, 0x0000023762eb0000]
CodeHeap 'profiled nmethods': size=120000Kb used=8225Kb max_used=21586Kb free=111774Kb
 bounds [0x0000023753eb0000, 0x00000237553d0000, 0x000002375b3e0000]
CodeHeap 'non-nmethods': size=5760Kb used=1851Kb max_used=1917Kb free=3908Kb
 bounds [0x000002375b3e0000, 0x000002375b650000, 0x000002375b980000]
 total_blobs=5755 nmethods=5013 adapters=650
 compilation: enabled
              stopped_count=0, restarted_count=0
 full_count=0

Compilation events (20 events):
Event: 5376.675 Thread 0x000002376a0e9550 16031       3       org.springframework.beans.factory.support.DefaultListableBeanFactory$$Lambda$234/0x000002370116ddc8::<init> (10 bytes)
Event: 5376.675 Thread 0x000002376a0e0e80 nmethod 16032 0x000002375ba1b990 code [0x000002375ba1bb00, 0x000002375ba1bbc0]
Event: 5376.675 Thread 0x000002376a0e9550 nmethod 16031 0x0000023753fc5e90 code [0x0000023753fc6020, 0x0000023753fc61e0]
Event: 5376.675 Thread 0x000002376a0e9550 16033       3       java.lang.Math::abs (11 bytes)
Event: 5376.676 Thread 0x000002376a0e9550 nmethod 16033 0x00000237540e9290 code [0x00000237540e9420, 0x00000237540e9588]
Event: 5376.676 Thread 0x000002376a0e9550 16026       1       org.springframework.beans.factory.support.DefaultSingletonBeanRegistry::getSingletonMutex (5 bytes)
Event: 5376.676 Thread 0x000002376a0e9550 nmethod 16026 0x000002375ba21710 code [0x000002375ba21880, 0x000002375ba21950]
Event: 5376.676 Thread 0x000002376a0e9550 16021       1       org.apache.catalina.LifecycleState::getLifecycleEvent (5 bytes)
Event: 5376.676 Thread 0x000002376a0e9550 nmethod 16021 0x000002375ba34390 code [0x000002375ba34500, 0x000002375ba345d0]
Event: 5376.676 Thread 0x000002376a0e0e80 16034       4       java.lang.invoke.DirectMethodHandle::maybeCompile (24 bytes)
Event: 5376.676 Thread 0x000002376a0e9550 16035       3       com.zaxxer.hikari.pool.PoolEntry::compareAndSet (10 bytes)
Event: 5376.676 Thread 0x000002376a0e9550 nmethod 16035 0x00000237540fc210 code [0x00000237540fc3a0, 0x00000237540fc500]
Event: 5376.676 Thread 0x000002376a0e9550 16036       3       java.util.concurrent.atomic.AtomicIntegerFieldUpdater$AtomicIntegerFieldUpdaterImpl::compareAndSet (19 bytes)
Event: 5376.677 Thread 0x000002376a0e9550 nmethod 16036 0x0000023754aff490 code [0x0000023754aff640, 0x0000023754aff890]
Event: 5376.677 Thread 0x000002376a0e9550 16037       3       java.lang.invoke.DirectMethodHandle$Holder::newInvokeSpecial (21 bytes)
Event: 5376.677 Thread 0x000002376a0e0e80 nmethod 16034 0x000002375b9dfb10 code [0x000002375b9dfca0, 0x000002375b9dfd90]
Event: 5376.678 Thread 0x000002376a0e9550 nmethod 16037 0x000002375428c490 code [0x000002375428c660, 0x000002375428cbe8]
Event: 5376.680 Thread 0x000002376a0e9550 16038       3       java.lang.Math::floorDiv (30 bytes)
Event: 5376.680 Thread 0x000002376a0e9550 nmethod 16038 0x0000023753fe1a10 code [0x0000023753fe1ba0, 0x0000023753fe1d98]
Event: 5376.680 Thread 0x000002376a0e0e80 16040   !   4       org.springframework.util.ConcurrentReferenceHashMap$Segment::clear (69 bytes)

GC Heap History (20 events):
Event: 3311.776 GC heap after
{Heap after GC invocations=51 (full 1):
 garbage-first heap   total 122880K, used 67587K [0x0000000744800000, 0x0000000800000000)
  region size 2048K, 1 young (2048K), 1 survivors (2048K)
 Metaspace       used 81878K, committed 82816K, reserved 1179648K
  class space    used 10171K, committed 10624K, reserved 1048576K
}
Event: 3512.979 GC heap before
{Heap before GC invocations=52 (full 1):
 garbage-first heap   total 122880K, used 108547K [0x0000000744800000, 0x0000000800000000)
  region size 2048K, 22 young (45056K), 1 survivors (2048K)
 Metaspace       used 81549K, committed 82816K, reserved 1179648K
  class space    used 10083K, committed 10624K, reserved 1048576K
}
Event: 3512.981 GC heap after
{Heap after GC invocations=53 (full 1):
 garbage-first heap   total 122880K, used 65518K [0x0000000744800000, 0x0000000800000000)
  region size 2048K, 1 young (2048K), 1 survivors (2048K)
 Metaspace       used 81549K, committed 82816K, reserved 1179648K
  class space    used 10083K, committed 10624K, reserved 1048576K
}
Event: 3708.094 GC heap before
{Heap before GC invocations=53 (full 1):
 garbage-first heap   total 122880K, used 110574K [0x0000000744800000, 0x0000000800000000)
  region size 2048K, 23 young (47104K), 1 survivors (2048K)
 Metaspace       used 81601K, committed 82816K, reserved 1179648K
  class space    used 10083K, committed 10624K, reserved 1048576K
}
Event: 3708.098 GC heap after
{Heap after GC invocations=54 (full 1):
 garbage-first heap   total 122880K, used 61718K [0x0000000744800000, 0x0000000800000000)
  region size 2048K, 1 young (2048K), 1 survivors (2048K)
 Metaspace       used 81601K, committed 82816K, reserved 1179648K
  class space    used 10083K, committed 10624K, reserved 1048576K
}
Event: 3947.912 GC heap before
{Heap before GC invocations=54 (full 1):
 garbage-first heap   total 122880K, used 112918K [0x0000000744800000, 0x0000000800000000)
  region size 2048K, 26 young (53248K), 1 survivors (2048K)
 Metaspace       used 81604K, committed 82816K, reserved 1179648K
  class space    used 10083K, committed 10624K, reserved 1048576K
}
Event: 3947.954 GC heap after
{Heap after GC invocations=55 (full 1):
 garbage-first heap   total 122880K, used 61745K [0x0000000744800000, 0x0000000800000000)
  region size 2048K, 1 young (2048K), 1 survivors (2048K)
 Metaspace       used 81604K, committed 82816K, reserved 1179648K
  class space    used 10083K, committed 10624K, reserved 1048576K
}
Event: 4187.929 GC heap before
{Heap before GC invocations=56 (full 1):
 garbage-first heap   total 122880K, used 112945K [0x0000000744800000, 0x0000000800000000)
  region size 2048K, 26 young (53248K), 1 survivors (2048K)
 Metaspace       used 81604K, committed 82816K, reserved 1179648K
  class space    used 10083K, committed 10624K, reserved 1048576K
}
Event: 4187.931 GC heap after
{Heap after GC invocations=57 (full 1):
 garbage-first heap   total 122880K, used 61741K [0x0000000744800000, 0x0000000800000000)
  region size 2048K, 1 young (2048K), 1 survivors (2048K)
 Metaspace       used 81604K, committed 82816K, reserved 1179648K
  class space    used 10083K, committed 10624K, reserved 1048576K
}
Event: 4428.500 GC heap before
{Heap before GC invocations=57 (full 1):
 garbage-first heap   total 122880K, used 112941K [0x0000000744800000, 0x0000000800000000)
  region size 2048K, 26 young (53248K), 1 survivors (2048K)
 Metaspace       used 81604K, committed 82816K, reserved 1179648K
  class space    used 10083K, committed 10624K, reserved 1048576K
}
Event: 4428.509 GC heap after
{Heap after GC invocations=58 (full 1):
 garbage-first heap   total 122880K, used 59941K [0x0000000744800000, 0x0000000800000000)
  region size 2048K, 1 young (2048K), 1 survivors (2048K)
 Metaspace       used 81604K, committed 82816K, reserved 1179648K
  class space    used 10083K, committed 10624K, reserved 1048576K
}
Event: 4647.986 GC heap before
{Heap before GC invocations=58 (full 1):
 garbage-first heap   total 122880K, used 111141K [0x0000000744800000, 0x0000000800000000)
  region size 2048K, 26 young (53248K), 1 survivors (2048K)
 Metaspace       used 81636K, committed 82816K, reserved 1179648K
  class space    used 10083K, committed 10624K, reserved 1048576K
}
Event: 4647.993 GC heap after
{Heap after GC invocations=59 (full 1):
 garbage-first heap   total 122880K, used 60099K [0x0000000744800000, 0x0000000800000000)
  region size 2048K, 1 young (2048K), 1 survivors (2048K)
 Metaspace       used 81636K, committed 82816K, reserved 1179648K
  class space    used 10083K, committed 10624K, reserved 1048576K
}
Event: 4831.208 GC heap before
{Heap before GC invocations=60 (full 1):
 garbage-first heap   total 122880K, used 111299K [0x0000000744800000, 0x0000000800000000)
  region size 2048K, 26 young (53248K), 1 survivors (2048K)
 Metaspace       used 81702K, committed 82816K, reserved 1179648K
  class space    used 10084K, committed 10624K, reserved 1048576K
}
Event: 4831.213 GC heap after
{Heap after GC invocations=61 (full 1):
 garbage-first heap   total 122880K, used 60158K [0x0000000744800000, 0x0000000800000000)
  region size 2048K, 1 young (2048K), 1 survivors (2048K)
 Metaspace       used 81702K, committed 82816K, reserved 1179648K
  class space    used 10084K, committed 10624K, reserved 1048576K
}
Event: 5019.793 GC heap before
{Heap before GC invocations=61 (full 1):
 garbage-first heap   total 122880K, used 111358K [0x0000000744800000, 0x0000000800000000)
  region size 2048K, 26 young (53248K), 1 survivors (2048K)
 Metaspace       used 81971K, committed 82944K, reserved 1179648K
  class space    used 10102K, committed 10624K, reserved 1048576K
}
Event: 5019.797 GC heap after
{Heap after GC invocations=62 (full 1):
 garbage-first heap   total 122880K, used 59303K [0x0000000744800000, 0x0000000800000000)
  region size 2048K, 1 young (2048K), 1 survivors (2048K)
 Metaspace       used 81971K, committed 82944K, reserved 1179648K
  class space    used 10102K, committed 10624K, reserved 1048576K
}
Event: 5221.941 GC heap before
{Heap before GC invocations=62 (full 1):
 garbage-first heap   total 122880K, used 112551K [0x0000000744800000, 0x0000000800000000)
  region size 2048K, 27 young (55296K), 1 survivors (2048K)
 Metaspace       used 82031K, committed 82944K, reserved 1179648K
  class space    used 10103K, committed 10624K, reserved 1048576K
}
Event: 5221.943 GC heap after
{Heap after GC invocations=63 (full 1):
 garbage-first heap   total 122880K, used 59415K [0x0000000744800000, 0x0000000800000000)
  region size 2048K, 1 young (2048K), 1 survivors (2048K)
 Metaspace       used 82031K, committed 82944K, reserved 1179648K
  class space    used 10103K, committed 10624K, reserved 1048576K
}
Event: 5376.681 GC heap before
{Heap before GC invocations=64 (full 1):
 garbage-first heap   total 122880K, used 92183K [0x0000000744800000, 0x0000000800000000)
  region size 2048K, 18 young (36864K), 1 survivors (2048K)
 Metaspace       used 82093K, committed 83008K, reserved 1179648K
  class space    used 10114K, committed 10624K, reserved 1048576K
}

Dll operation events (11 events):
Event: 0.011 Loaded shared library C:\Program Files\Java\jdk-20\bin\java.dll
Event: 0.035 Loaded shared library C:\Program Files\Java\jdk-20\bin\jsvml.dll
Event: 3.808 Loaded shared library C:\Program Files\Java\jdk-20\bin\net.dll
Event: 3.809 Loaded shared library C:\Program Files\Java\jdk-20\bin\nio.dll
Event: 3.812 Loaded shared library C:\Program Files\Java\jdk-20\bin\zip.dll
Event: 3.892 Loaded shared library C:\Program Files\Java\jdk-20\bin\jimage.dll
Event: 4.229 Loaded shared library C:\Program Files\Java\jdk-20\bin\management.dll
Event: 4.232 Loaded shared library C:\Program Files\Java\jdk-20\bin\management_ext.dll
Event: 8.799 Loaded shared library C:\Program Files\Java\jdk-20\bin\sunmscapi.dll
Event: 9.767 Loaded shared library C:\Program Files\Java\jdk-20\bin\verify.dll
Event: 10.190 Loaded shared library C:\Program Files\Java\jdk-20\bin\extnet.dll

Deoptimization events (20 events):
Event: 5376.667 Thread 0x000002377270fac0 Uncommon trap: trap_request=0xffffff45 fr.pc=0x000002375bbbeafc relative=0x000000000000121c
Event: 5376.667 Thread 0x000002377270fac0 Uncommon trap: reason=unstable_if action=reinterpret pc=0x000002375bbbeafc method=java.util.concurrent.locks.AbstractQueuedSynchronizer$ConditionNode.isReleasable()Z @ 14 c2
Event: 5376.667 Thread 0x000002377270fac0 DEOPT PACKING pc=0x000002375bbbeafc sp=0x000000d3206ff240
Event: 5376.667 Thread 0x000002377270fac0 DEOPT UNPACKING pc=0x000002375b449d22 sp=0x000000d3206fef50 mode 2
Event: 5376.668 Thread 0x0000023772710ab0 DEOPT PACKING pc=0x000002375b9e0c40 sp=0x000000d3208ff1b0
Event: 5376.668 Thread 0x0000023772710ab0 DEOPT UNPACKING pc=0x000002375b44a4c2 sp=0x000000d3208fe628 mode 1
Event: 5376.668 Thread 0x0000023772710560 DEOPT PACKING pc=0x00000237553bf41c sp=0x000000d3207ff120
Event: 5376.668 Thread 0x0000023772710560 DEOPT UNPACKING pc=0x000002375b44a4c2 sp=0x000000d3207fe658 mode 1
Event: 5376.676 Thread 0x0000023772713530 Uncommon trap: trap_request=0xffffff45 fr.pc=0x000002375bc2c8e4 relative=0x0000000000000a84
Event: 5376.676 Thread 0x0000023772713530 Uncommon trap: reason=unstable_if action=reinterpret pc=0x000002375bc2c8e4 method=java.util.concurrent.locks.AbstractQueuedSynchronizer$ConditionObject.awaitNanos(J)J @ 80 c2
Event: 5376.676 Thread 0x0000023772713530 DEOPT PACKING pc=0x000002375bc2c8e4 sp=0x000000d31dafef70
Event: 5376.676 Thread 0x0000023772713530 DEOPT UNPACKING pc=0x000002375b449d22 sp=0x000000d31dafef30 mode 2
Event: 5376.677 Thread 0x000002377270e030 Uncommon trap: trap_request=0xffffff45 fr.pc=0x000002375bc2c8e4 relative=0x0000000000000a84
Event: 5376.677 Thread 0x000002377270e030 Uncommon trap: reason=unstable_if action=reinterpret pc=0x000002375bc2c8e4 method=java.util.concurrent.locks.AbstractQueuedSynchronizer$ConditionObject.awaitNanos(J)J @ 80 c2
Event: 5376.677 Thread 0x000002377270e030 DEOPT PACKING pc=0x000002375bc2c8e4 sp=0x000000d31f4fed10
Event: 5376.677 Thread 0x000002377270e030 DEOPT UNPACKING pc=0x000002375b449d22 sp=0x000000d31f4fecb8 mode 2
Event: 5376.677 Thread 0x000002377270e030 DEOPT PACKING pc=0x00000237550efc64 sp=0x000000d31f4fedb0
Event: 5376.677 Thread 0x000002377270e030 DEOPT UNPACKING pc=0x000002375b44a4c2 sp=0x000000d31f4fe308 mode 1
Event: 5376.677 Thread 0x000002377270e030 DEOPT PACKING pc=0x00000237553c3abc sp=0x000000d31f4feee0
Event: 5376.677 Thread 0x000002377270e030 DEOPT UNPACKING pc=0x000002375b44a4c2 sp=0x000000d31f4fe388 mode 1

Classes loaded (20 events):
Event: 129.644 Loading class sun/nio/cs/Surrogate
Event: 129.644 Loading class sun/nio/cs/Surrogate done
Event: 1745.351 Loading class sun/util/resources/LocaleData$CommonResourceBundleProvider
Event: 1745.351 Loading class sun/util/resources/LocaleData$LocaleDataResourceBundleProvider
Event: 1745.351 Loading class java/util/spi/ResourceBundleProvider
Event: 1745.351 Loading class java/util/spi/ResourceBundleProvider done
Event: 1745.352 Loading class sun/util/resources/LocaleData$LocaleDataResourceBundleProvider done
Event: 1745.352 Loading class sun/util/resources/LocaleData$CommonResourceBundleProvider done
Event: 1745.352 Loading class java/util/ArrayList$SubList$1
Event: 1745.353 Loading class java/util/ArrayList$SubList$1 done
Event: 1745.353 Loading class sun/util/resources/Bundles$2
Event: 1745.353 Loading class sun/util/resources/Bundles$2 done
Event: 1745.366 Loading class java/io/PrintWriter$1
Event: 1745.367 Loading class jdk/internal/access/JavaIOPrintWriterAccess
Event: 1745.367 Loading class jdk/internal/access/JavaIOPrintWriterAccess done
Event: 1745.367 Loading class java/io/PrintWriter$1 done
Event: 1745.368 Loading class sun/nio/cs/ISO_8859_1$Encoder
Event: 1745.369 Loading class sun/nio/cs/ISO_8859_1$Encoder done
Event: 2852.806 Loading class sun/reflect/generics/tree/IntSignature
Event: 2852.808 Loading class sun/reflect/generics/tree/IntSignature done

Classes unloaded (20 events):
Event: 3311.808 Thread 0x000002376a0b7210 Unloading class 0x0000023701025800 'java/lang/invoke/LambdaForm$MH+0x0000023701025800'
Event: 3311.808 Thread 0x000002376a0b7210 Unloading class 0x0000023701025400 'java/lang/invoke/LambdaForm$MH+0x0000023701025400'
Event: 3311.808 Thread 0x000002376a0b7210 Unloading class 0x0000023701025000 'java/lang/invoke/LambdaForm$MH+0x0000023701025000'
Event: 3311.808 Thread 0x000002376a0b7210 Unloading class 0x0000023701024800 'java/lang/invoke/LambdaForm$MH+0x0000023701024800'
Event: 3311.808 Thread 0x000002376a0b7210 Unloading class 0x0000023701024000 'java/lang/invoke/LambdaForm$MH+0x0000023701024000'
Event: 3311.808 Thread 0x000002376a0b7210 Unloading class 0x0000023701017400 'java/lang/invoke/LambdaForm$MH+0x0000023701017400'
Event: 3311.808 Thread 0x000002376a0b7210 Unloading class 0x0000023701016c00 'java/lang/invoke/LambdaForm$MH+0x0000023701016c00'
Event: 3311.808 Thread 0x000002376a0b7210 Unloading class 0x0000023701016400 'java/lang/invoke/LambdaForm$MH+0x0000023701016400'
Event: 3311.808 Thread 0x000002376a0b7210 Unloading class 0x0000023701016000 'java/lang/invoke/LambdaForm$MH+0x0000023701016000'
Event: 3311.808 Thread 0x000002376a0b7210 Unloading class 0x0000023701015c00 'java/lang/invoke/LambdaForm$MH+0x0000023701015c00'
Event: 3311.808 Thread 0x000002376a0b7210 Unloading class 0x0000023701014c00 'java/lang/invoke/LambdaForm$MH+0x0000023701014c00'
Event: 3311.808 Thread 0x000002376a0b7210 Unloading class 0x0000023701014000 'java/lang/invoke/LambdaForm$MH+0x0000023701014000'
Event: 3311.808 Thread 0x000002376a0b7210 Unloading class 0x0000023701013c00 'java/lang/invoke/LambdaForm$MH+0x0000023701013c00'
Event: 3311.808 Thread 0x000002376a0b7210 Unloading class 0x0000023701013400 'java/lang/invoke/LambdaForm$MH+0x0000023701013400'
Event: 3311.808 Thread 0x000002376a0b7210 Unloading class 0x0000023701013000 'java/lang/invoke/LambdaForm$MH+0x0000023701013000'
Event: 3311.808 Thread 0x000002376a0b7210 Unloading class 0x0000023701012c00 'java/lang/invoke/LambdaForm$MH+0x0000023701012c00'
Event: 3311.808 Thread 0x000002376a0b7210 Unloading class 0x0000023701012000 'java/lang/invoke/LambdaForm$MH+0x0000023701012000'
Event: 3311.808 Thread 0x000002376a0b7210 Unloading class 0x0000023701011000 'java/lang/invoke/LambdaForm$MH+0x0000023701011000'
Event: 3311.808 Thread 0x000002376a0b7210 Unloading class 0x0000023701010400 'java/lang/invoke/LambdaForm$MH+0x0000023701010400'
Event: 3311.808 Thread 0x000002376a0b7210 Unloading class 0x0000023701008c00 'java/lang/invoke/LambdaForm$MH+0x0000023701008c00'

Classes redefined (2 events):
Event: 5367.938 Thread 0x000002376a0b7210 redefined class name=com.aza.api.controller.LoadDataControlController, count=1
Event: 5367.938 Thread 0x000002376a0b7210 redefined class name=com.aza.api.controller.LoadDataControlController, count=1

Internal exceptions (20 events):
Event: 106.393 Thread 0x0000023772714a70 Implicit null exception at 0x000002375c142c34 to 0x000002375c144ff8
Event: 106.393 Thread 0x0000023772714a70 Implicit null exception at 0x000002375c141350 to 0x000002375c141714
Event: 106.393 Thread 0x0000023772714a70 Implicit null exception at 0x000002375c142241 to 0x000002375c1422e4
Event: 114.031 Thread 0x000002377270d040 Implicit null exception at 0x000002375bf323dd to 0x000002375bf3255c
Event: 114.179 Thread 0x000002377270d040 Exception <a 'java/lang/NoSuchMethodError'{0x000000075029a9e8}: 'int java.lang.invoke.Invokers$Holder.invokeExact_MT(java.lang.Object, java.lang.Object, java.lang.Object)'> (0x000000075029a9e8) 
thrown [s\open\src\hotspot\share\interpreter\linkResolver.cpp, line 773]
Event: 129.993 Thread 0x000002377270dae0 Exception <a 'java/lang/IncompatibleClassChangeError'{0x000000074af121b0}: Found class java.lang.Object, but interface was expected> (0x000000074af121b0) 
thrown [s\open\src\hotspot\share\interpreter\linkResolver.cpp, line 840]
Event: 130.982 Thread 0x000002377270dae0 Exception <a 'java/lang/NoSuchMethodError'{0x000000074aff6aa0}: 'int java.lang.invoke.DirectMethodHandle$Holder.invokeStatic(java.lang.Object, java.lang.Object, int, int)'> (0x000000074aff6aa0) 
thrown [s\open\src\hotspot\share\interpreter\linkResolver.cpp, line 773]
Event: 147.549 Thread 0x0000023772714520 Implicit null exception at 0x000002375bf37e5d to 0x000002375bf3809c
Event: 4789.194 Thread 0x0000023771e5efe0 Implicit null exception at 0x000002375bafcb0d to 0x000002375bafd5e8
Event: 4941.744 Thread 0x000002377270dae0 Implicit null exception at 0x000002375bc92565 to 0x000002375bc9a990
Event: 4941.760 Thread 0x000002377270dae0 Implicit null exception at 0x000002375c1566cf to 0x000002375c1569dc
Event: 4941.773 Thread 0x000002377270dae0 Implicit null exception at 0x000002375bb8b5f3 to 0x000002375bb8b6cc
Event: 5369.319 Thread 0x0000023772713fd0 Implicit null exception at 0x000002375b9bae57 to 0x000002375b9bbab8
Event: 5369.319 Thread 0x0000023772713fd0 Implicit null exception at 0x000002375bd89c6d to 0x000002375bd8a30c
Event: 5369.320 Thread 0x0000023772713fd0 Implicit null exception at 0x000002375bb42182 to 0x000002375bb424cc
Event: 5369.320 Thread 0x0000023772713fd0 Implicit null exception at 0x000002375bc40d9e to 0x000002375bc4197c
Event: 5369.320 Thread 0x0000023772713fd0 Implicit null exception at 0x000002375be20a84 to 0x000002375be2324c
Event: 5369.321 Thread 0x0000023772713fd0 Implicit null exception at 0x000002375bc3cf0f to 0x000002375bc3d36f
Event: 5372.152 Thread 0x0000023772710560 Implicit null exception at 0x000002375bbbdb70 to 0x000002375bbc119c
Event: 5376.667 Thread 0x0000023772710ab0 Exception <a 'java/lang/InterruptedException'{0x0000000749f06ae0}: sleep interrupted> (0x0000000749f06ae0) 
thrown [s\open\src\hotspot\share\prims\jvm.cpp, line 3086]

VM Operations (20 events):
Event: 5367.997 Executing VM operation: RedefineClasses done
Event: 5370.006 Executing VM operation: Cleanup
Event: 5370.006 Executing VM operation: Cleanup done
Event: 5372.020 Executing VM operation: Cleanup
Event: 5372.020 Executing VM operation: Cleanup done
Event: 5372.265 Executing VM operation: ChangeBreakpoints
Event: 5372.266 Executing VM operation: ChangeBreakpoints done
Event: 5372.267 Executing VM operation: ChangeBreakpoints
Event: 5372.269 Executing VM operation: ChangeBreakpoints done
Event: 5372.279 Executing VM operation: ChangeBreakpoints
Event: 5372.280 Executing VM operation: ChangeBreakpoints done
Event: 5372.280 Executing VM operation: ChangeBreakpoints
Event: 5372.282 Executing VM operation: ChangeBreakpoints done
Event: 5373.088 Executing VM operation: ChangeSingleStep
Event: 5373.088 Executing VM operation: ChangeSingleStep done
Event: 5373.088 Executing VM operation: ChangeSingleStep
Event: 5373.089 Executing VM operation: ChangeSingleStep done
Event: 5375.092 Executing VM operation: Cleanup
Event: 5375.092 Executing VM operation: Cleanup done
Event: 5376.681 Executing VM operation: G1CollectFull

Events (20 events):
Event: 5371.655 Thread 0x0000023771e61510 Thread exited: 0x0000023771e61510
Event: 5371.655 Thread 0x0000023771e5e540 Thread exited: 0x0000023771e5e540
Event: 5371.655 Thread 0x0000023772714520 Thread exited: 0x0000023772714520
Event: 5371.655 Thread 0x000002377270d040 Thread exited: 0x000002377270d040
Event: 5371.655 Thread 0x0000023772714a70 Thread exited: 0x0000023772714a70
Event: 5371.656 Thread 0x0000023771e5efe0 Thread exited: 0x0000023771e5efe0
Event: 5371.656 Thread 0x000002377270f020 Thread exited: 0x000002377270f020
Event: 5371.656 Thread 0x000002377270dae0 Thread exited: 0x000002377270dae0
Event: 5371.656 Thread 0x0000023771e5ea90 Thread exited: 0x0000023771e5ea90
Event: 5371.656 Thread 0x000002377270ead0 Thread exited: 0x000002377270ead0
Event: 5372.396 Thread 0x000002377270d040 Thread added: 0x000002377270d040
Event: 5372.396 Thread 0x0000023772713530 Thread added: 0x0000023772713530
Event: 5376.667 Thread 0x000002377270fac0 Thread exited: 0x000002377270fac0
Event: 5376.668 Thread 0x0000023772710ab0 Thread exited: 0x0000023772710ab0
Event: 5376.669 Thread 0x0000023772710560 Thread exited: 0x0000023772710560
Event: 5376.676 Thread 0x0000023772713530 Thread exited: 0x0000023772713530
Event: 5376.677 Thread 0x000002377270e030 Thread exited: 0x000002377270e030
Event: 5376.678 Thread 0x000002377270dae0 Thread added: 0x000002377270dae0
Event: 5376.679 Thread 0x000002377270dae0 Thread exited: 0x000002377270dae0
Event: 5376.679 Thread 0x000002377270d040 Thread exited: 0x000002377270d040


Dynamic libraries:
0x00007ff714650000 - 0x00007ff714660000 	C:\Program Files\Java\jdk-20\bin\java.exe
0x00007ffeb8f10000 - 0x00007ffeb9127000 	C:\Windows\SYSTEM32\ntdll.dll
0x00007ffeb7960000 - 0x00007ffeb7a24000 	C:\Windows\System32\KERNEL32.DLL
0x00007ffeb67b0000 - 0x00007ffeb6b5c000 	C:\Windows\System32\KERNELBASE.dll
0x00007ffeb6270000 - 0x00007ffeb6381000 	C:\Windows\System32\ucrtbase.dll
0x00007ffeac590000 - 0x00007ffeac5ab000 	C:\Program Files\Java\jdk-20\bin\VCRUNTIME140.dll
0x00007ffe9b680000 - 0x00007ffe9b699000 	C:\Program Files\Java\jdk-20\bin\jli.dll
0x00007ffeb7c40000 - 0x00007ffeb7cf2000 	C:\Windows\System32\ADVAPI32.dll
0x00007ffeb78b0000 - 0x00007ffeb7957000 	C:\Windows\System32\msvcrt.dll
0x00007ffeb8e20000 - 0x00007ffeb8eca000 	C:\Windows\System32\sechost.dll
0x00007ffeb6c20000 - 0x00007ffeb6c48000 	C:\Windows\System32\bcrypt.dll
0x00007ffeb8ae0000 - 0x00007ffeb8bf5000 	C:\Windows\System32\RPCRT4.dll
0x00007ffeb74b0000 - 0x00007ffeb765e000 	C:\Windows\System32\USER32.dll
0x00007ffeb6240000 - 0x00007ffeb6266000 	C:\Windows\System32\win32u.dll
0x00007ffeb8ab0000 - 0x00007ffeb8ad9000 	C:\Windows\System32\GDI32.dll
0x00007ffeb6520000 - 0x00007ffeb6639000 	C:\Windows\System32\gdi32full.dll
0x00007ffeb56d0000 - 0x00007ffeb5963000 	C:\Windows\WinSxS\amd64_microsoft.windows.common-controls_6595b64144ccf1df_6.0.22621.3672_none_2713b9d173822955\COMCTL32.dll
0x00007ffeb6400000 - 0x00007ffeb649a000 	C:\Windows\System32\msvcp_win.dll
0x00007ffeb47f0000 - 0x00007ffeb47fa000 	C:\Windows\SYSTEM32\VERSION.dll
0x00007ffeb8c00000 - 0x00007ffeb8c31000 	C:\Windows\System32\IMM32.DLL
0x00007ffeac500000 - 0x00007ffeac50c000 	C:\Program Files\Java\jdk-20\bin\vcruntime140_1.dll
0x00007ffe89e00000 - 0x00007ffe89e8e000 	C:\Program Files\Java\jdk-20\bin\msvcp140.dll
0x00007ffe45840000 - 0x00007ffe464d8000 	C:\Program Files\Java\jdk-20\bin\server\jvm.dll
0x00007ffeac650000 - 0x00007ffeac684000 	C:\Windows\SYSTEM32\WINMM.dll
0x00007ffe90ce0000 - 0x00007ffe90ce9000 	C:\Windows\SYSTEM32\WSOCK32.dll
0x00007ffeb8330000 - 0x00007ffeb83a1000 	C:\Windows\System32\WS2_32.dll
0x00007ffeb4300000 - 0x00007ffeb4318000 	C:\Windows\SYSTEM32\kernel.appcore.dll
0x00007ffeac360000 - 0x00007ffeac36a000 	C:\Program Files\Java\jdk-20\bin\jimage.dll
0x00007ffeb5b10000 - 0x00007ffeb5d42000 	C:\Windows\SYSTEM32\DBGHELP.DLL
0x00007ffeb7ec0000 - 0x00007ffeb8248000 	C:\Windows\System32\combase.dll
0x00007ffeb8250000 - 0x00007ffeb8327000 	C:\Windows\System32\OLEAUT32.dll
0x00007ffeb5a00000 - 0x00007ffeb5a32000 	C:\Windows\SYSTEM32\dbgcore.DLL
0x00007ffeb64a0000 - 0x00007ffeb651b000 	C:\Windows\System32\bcryptPrimitives.dll
0x00007ffe81d90000 - 0x00007ffe81dcc000 	C:\Program Files\Java\jdk-20\bin\jdwp.dll
0x00007ffe9a730000 - 0x00007ffe9a756000 	C:\Program Files\Java\jdk-20\bin\java.dll
0x00007ffe7dc90000 - 0x00007ffe7dd67000 	C:\Program Files\Java\jdk-20\bin\jsvml.dll
0x00007ffeb6c50000 - 0x00007ffeb74ac000 	C:\Windows\System32\SHELL32.dll
0x00007ffeb3210000 - 0x00007ffeb3b07000 	C:\Windows\SYSTEM32\windows.storage.dll
0x00007ffeb30d0000 - 0x00007ffeb320f000 	C:\Windows\SYSTEM32\wintypes.dll
0x00007ffeb8480000 - 0x00007ffeb8574000 	C:\Windows\System32\SHCORE.dll
0x00007ffeb76f0000 - 0x00007ffeb774e000 	C:\Windows\System32\shlwapi.dll
0x00007ffeb6170000 - 0x00007ffeb6191000 	C:\Windows\SYSTEM32\profapi.dll
0x00007ffe9be20000 - 0x00007ffe9be2c000 	C:\Program Files\Java\jdk-20\bin\dt_socket.dll
0x00007ffeb3db0000 - 0x00007ffeb3ddd000 	C:\Windows\SYSTEM32\IPHLPAPI.DLL
0x00007ffeb46f0000 - 0x00007ffeb4759000 	C:\Windows\system32\mswsock.dll
0x00007ffe9aad0000 - 0x00007ffe9aae3000 	C:\Program Files\Java\jdk-20\bin\net.dll
0x00007ffeaf430000 - 0x00007ffeaf566000 	C:\Windows\SYSTEM32\WINHTTP.dll
0x00007ffe9a6b0000 - 0x00007ffe9a6c6000 	C:\Program Files\Java\jdk-20\bin\nio.dll
0x00007ffe9a690000 - 0x00007ffe9a6a8000 	C:\Program Files\Java\jdk-20\bin\zip.dll
0x00007ffea1500000 - 0x00007ffea150a000 	C:\Program Files\Java\jdk-20\bin\management.dll
0x00007ffe9f400000 - 0x00007ffe9f40b000 	C:\Program Files\Java\jdk-20\bin\management_ext.dll
0x00007ffeb8c40000 - 0x00007ffeb8c48000 	C:\Windows\System32\PSAPI.DLL
0x00007ffeb5e50000 - 0x00007ffeb5e6b000 	C:\Windows\SYSTEM32\CRYPTSP.dll
0x00007ffeb4260000 - 0x00007ffeb4295000 	C:\Windows\system32\rsaenh.dll
0x00007ffeb4800000 - 0x00007ffeb4828000 	C:\Windows\SYSTEM32\USERENV.dll
0x00007ffeb49b0000 - 0x00007ffeb49bc000 	C:\Windows\SYSTEM32\CRYPTBASE.dll
0x00007ffeb8460000 - 0x00007ffeb8469000 	C:\Windows\System32\NSI.dll
0x00007ffeaf210000 - 0x00007ffeaf229000 	C:\Windows\SYSTEM32\dhcpcsvc6.DLL
0x00007ffeaf0e0000 - 0x00007ffeaf0ff000 	C:\Windows\SYSTEM32\dhcpcsvc.DLL
0x00007ffeb3de0000 - 0x00007ffeb3ed8000 	C:\Windows\SYSTEM32\DNSAPI.dll
0x00007ffe9aac0000 - 0x00007ffe9aace000 	C:\Program Files\Java\jdk-20\bin\sunmscapi.dll
0x00007ffeb6640000 - 0x00007ffeb67a7000 	C:\Windows\System32\CRYPT32.dll
0x00007ffeb53d0000 - 0x00007ffeb53fe000 	C:\Windows\SYSTEM32\ncrypt.dll
0x00007ffeb5390000 - 0x00007ffeb53c7000 	C:\Windows\SYSTEM32\NTASN1.dll
0x00007ffea1e30000 - 0x00007ffea1e40000 	C:\Program Files\Java\jdk-20\bin\verify.dll
0x00007ffea1540000 - 0x00007ffea1547000 	C:\Program Files\Java\jdk-20\bin\extnet.dll
0x00007ffeb4c20000 - 0x00007ffeb4c28000 	C:\Windows\system32\wshunix.dll

dbghelp: loaded successfully - version: 4.0.5 - missing functions: none
symbol engine: initialized successfully - sym options: 0x614 - pdb path: .;C:\Program Files\Java\jdk-20\bin;C:\Windows\SYSTEM32;C:\Windows\WinSxS\amd64_microsoft.windows.common-controls_6595b64144ccf1df_6.0.22621.3672_none_2713b9d173822955;C:\Program Files\Java\jdk-20\bin\server

VM Arguments:
jvm_args: -agentlib:jdwp=transport=dt_socket,server=n,address=58058 
java_command: com.aza.api.ApiApplication
java_class_path (initial): C:\BSmart\Aza\api\target\classes;C:\Users\jaime\.m2\repository\org\springframework\boot\spring-boot-starter-data-jpa\3.1.6\spring-boot-starter-data-jpa-3.1.6.jar;C:\Users\jaime\.m2\repository\org\springframework\boot\spring-boot-starter-aop\3.1.6\spring-boot-starter-aop-3.1.6.jar;C:\Users\jaime\.m2\repository\org\aspectj\aspectjweaver\1.9.20.1\aspectjweaver-1.9.20.1.jar;C:\Users\jaime\.m2\repository\org\springframework\boot\spring-boot-starter-jdbc\3.1.6\spring-boot-starter-jdbc-3.1.6.jar;C:\Users\jaime\.m2\repository\com\zaxxer\HikariCP\5.0.1\HikariCP-5.0.1.jar;C:\Users\jaime\.m2\repository\org\springframework\spring-jdbc\6.0.14\spring-jdbc-6.0.14.jar;C:\Users\jaime\.m2\repository\org\hibernate\orm\hibernate-core\6.2.13.Final\hibernate-core-6.2.13.Final.jar;C:\Users\jaime\.m2\repository\jakarta\persistence\jakarta.persistence-api\3.1.0\jakarta.persistence-api-3.1.0.jar;C:\Users\jaime\.m2\repository\jakarta\transaction\jakarta.transaction-api\2.0.1\jakarta.transaction-api-2.0.1.jar;C:\Users\jaime\.m2\repository\org\jboss\logging\jboss-logging\3.5.3.Final\jboss-logging-3.5.3.Final.jar;C:\Users\jaime\.m2\repository\org\hibernate\common\hibernate-commons-annotations\6.0.6.Final\hibernate-commons-annotations-6.0.6.Final.jar;C:\Users\jaime\.m2\repository\io\smallrye\jandex\3.0.5\jandex-3.0.5.jar;C:\Users\jaime\.m2\repository\com\fasterxml\classmate\1.5.1\classmate-1.5.1.jar;C:\Users\jaime\.m2\repository\net\bytebuddy\byte-buddy\1.14.10\byte-buddy-1.14.10.jar;C:\Users\jaime\.m2\repository\org\glassfish\jaxb\jaxb-runtime\4.0.4\jaxb-runtime-4.0.4.jar;C:\Users\jaime\.m2\repository\org\glassfish\jaxb\jaxb-core\4.0.4\jaxb-core-4.0.4.jar;C:\Users\jaime\.m2\repository\org\glassfish\jaxb\txw2\4.0.4\txw2-4.0.4.jar;C:\Users\jaime\.m2\repository\com\sun\istack\istack-commons-runtime\4.1.2\istack-commons-runtime-4.1.2.jar;C:\Users\jaime\.m2\repository\jakarta\inject\jakarta.inject-api\2.0.1\jakarta.inject-api-2.0.1.jar;C:\Users\jaime\.m2\repository\org\antlr\antlr4-runtime\4.10.1\antlr4-runtime-4.10.1.jar;C:\Users\jaime\.m2\repository\org\springframework\data\spring-data-jpa\3.1.6\spring-data-jpa-3.1.6.jar;C:\Users\jaime\.m2\repository\org\springframework\data\spring-data-commons\3.1.6\spring-data-commons-3.1.6.jar;C:\Users\jaime\.m2\repository\org\springframework\spring-orm\6.0.14\spring-orm-6.0.14.jar;C:\Users\jaime\.m2\repository\org\springframework\spring-context\6.0.14\spring-context-6.0.14.jar;C:\Users\jaime\.m2\repository\org\springframework\spring-tx\6.0.14\spring-tx-6.0.14.jar;C:\Users\jaime\.m2\repository\org\springframework\spring-beans\6.0.14\spring-beans-6.0.14.jar;C:\Users\jaime\.m2\repository\jakarta\annotation\jakarta.annotation-api\2.1.1\jakarta.annotation-api-2.1.1.jar;C:\Users\jaime\.m2\repository\org\slf4j\slf4j-api\2.0.9\slf4j-api-2.0.9.jar;C:\Users\jaime\.m2\repository\org\springframework\spring-aspects\6.0.14\spring-aspects-6.0.14.jar;C:\Users\jaime\.m2\repository\org\springframework\boot\spring-boot-starter-security\3.1.6\spring-boot-starter-security-3.1.6.jar;C:\Users\jaime\.m2\repository\org\springframework\boot\spring-boot-starter\3.1.6\spring-boot-starter-3.1.6.jar;C:\Users\jaime\.m2\repository\org\springframework\boot\spring-boot-starter-logging\3.1.6\spring-boot-starter-logging-3.1.6.jar;C:\Users\jaime\.m2\repository\ch\qos\logback\logback-classic\1.4.11\logback-classic-1.4.11.jar;C:\Users\jaime\.m2\repository\ch\qos\logback\logback-core\1.4.11\logback-core-1.4.11.jar;C:\Users\jaime\.m2\repository\org\apache\logging\log4j\log4j-to-slf4j\2.20.0\log4j-to-slf4j-2.20.0.jar;C:\Users\jaime\.m2\repository\org\apache\logging\log4j\log4j-api\2.20.0\log4j-api-2.20.0.jar;C:\Users\jaime\.m2\repository\org\slf4j\jul-to-slf4j\2.0.9\jul-to-slf4j-2.0.9.jar;C:\Users\jaime\.m2\repository\org\yaml\snakeyaml\1.33\snakeyaml-1.33.jar;C:\Users\jaime\.m2\repository\org\springframework\spring-aop\6.0.14\spring-aop-6.0.14.jar;C:\Users\jaime\.m2\repository\org\springframework\security\spring-security-config\6.1.5\spring-security-config-6.1.5.jar;C:\Users\jaime\.m2\repository\org\springframework\security\spring-security-web\6.1.5\spring-security-web-6.1.5.jar;C:\Users\jaime\.m2\repository\org\springframework\spring-expression\6.0.14\spring-expression-6.0.14.jar;C:\Users\jaime\.m2\repository\org\springframework\boot\spring-boot-starter-web\3.1.6\spring-boot-starter-web-3.1.6.jar;C:\Users\jaime\.m2\repository\org\springframework\boot\spring-boot-starter-json\3.1.6\spring-boot-starter-json-3.1.6.jar;C:\Users\jaime\.m2\repository\com\fasterxml\jackson\datatype\jackson-datatype-jdk8\2.15.3\jackson-datatype-jdk8-2.15.3.jar;C:\Users\jaime\.m2\repository\com\fasterxml\jackson\datatype\jackson-datatype-jsr310\2.15.3\jackson-datatype-jsr310-2.15.3.jar;C:\Users\jaime\.m2\repository\com\fasterxml\jackson\module\jackson-module-parameter-names\2.15.3\jackson-module-parameter-names-2.15.3.jar;C:\Users\jaime\.m2\repository\org\springframework\boot\spring-boot-starter-tomcat\3.1.6\spring-boot-starter-tomcat-3.1.6.jar;C:\Users\jaime\.m2\repository\org\apache\tomcat\embed\tomcat-embed-core\10.1.16\tomcat-embed-core-10.1.16.jar;C:\Users\jaime\.m2\repository\org\apache\tomcat\embed\tomcat-embed-el\10.1.16\tomcat-embed-el-10.1.16.jar;C:\Users\jaime\.m2\repository\org\apache\tomcat\embed\tomcat-embed-websocket\10.1.16\tomcat-embed-websocket-10.1.16.jar;C:\Users\jaime\.m2\repository\org\springframework\spring-web\6.0.14\spring-web-6.0.14.jar;C:\Users\jaime\.m2\repository\io\micrometer\micrometer-observation\1.11.6\micrometer-observation-1.11.6.jar;C:\Users\jaime\.m2\repository\io\micrometer\micrometer-commons\1.11.6\micrometer-commons-1.11.6.jar;C:\Users\jaime\.m2\repository\org\springframework\spring-webmvc\6.0.14\spring-webmvc-6.0.14.jar;C:\Users\jaime\.m2\repository\org\springframework\boot\spring-boot-devtools\3.1.6\spring-boot-devtools-3.1.6.jar;C:\Users\jaime\.m2\repository\org\springframework\boot\spring-boot\3.1.6\spring-boot-3.1.6.jar;C:\Users\jaime\.m2\repository\org\springframework\boot\spring-boot-autoconfigure\3.1.6\spring-boot-autoconfigure-3.1.6.jar;C:\Users\jaime\.m2\repository\com\mysql\mysql-connector-j\8.0.33\mysql-connector-j-8.0.33.jar;C:\Users\jaime\.m2\repository\org\projectlombok\lombok\1.18.30\lombok-1.18.30.jar;C:\Users\jaime\.m2\repository\jakarta\xml\bind\jakarta.xml.bind-api\4.0.1\jakarta.xml.bind-api-4.0.1.jar;C:\Users\jaime\.m2\repository\jakarta\activation\jakarta.activation-api\2.1.2\jakarta.activation-api-2.1.2.jar;C:\Users\jaime\.m2\repository\org\springframework\spring-core\6.0.14\spring-core-6.0.14.jar;C:\Users\jaime\.m2\repository\org\springframework\spring-jcl\6.0.14\spring-jcl-6.0.14.jar;C:\Users\jaime\.m2\repository\org\springframework\security\spring-security-core\6.1.5\spring-security-core-6.1.5.jar;C:\Users\jaime\.m2\repository\org\springframework\security\spring-security-crypto\6.1.5\spring-security-crypto-6.1.5.jar;C:\Users\jaime\.m2\repository\io\jsonwebtoken\jjwt-api\0.12.3\jjwt-api-0.12.3.jar;C:\Users\jaime\.m2\repository\io\jsonwebtoken\jjwt-impl\0.12.3\jjwt-impl-0.12.3.jar;C:\Users\jaime\.m2\repository\io\jsonwebtoken\jjwt-jackson\0.12.3\jjwt-jackson-0.12.3.jar;C:\Users\jaime\.m2\repository\com\fasterxml\jackson\core\jackson-databind\2.15.3\jackson-databind-2.15.3.jar;C:\Users\jaime\.m2\repository\com\fasterxml\jackson\core\jackson-annotations\2.15.3\jackson-annotations-2.15.3.jar;C:\Users\jaime\.m2\repository\com\fasterxml\jackson\core\jackson-core\2.15.3\jackson-core-2.15.3.jar;C:\Users\jaime\.m2\repository\org\springframework\boot\spring-boot-starter-mail\3.1.6\spring-boot-starter-mail-3.1.6.jar;C:\Users\jaime\.m2\repository\org\springframework\spring-context-support\6.0.14\spring-context-support-6.0.14.jar;C:\Users\jaime\.m2\repository\org\eclipse\angus\jakarta.mail\1.1.0\jakarta.mail-1.1.0.jar;C:\Users\jaime\.m2\repository\org\eclipse\angus\angus-activation\2.0.1\angus-activation-2.0.1.jar
Launcher Type: SUN_STANDARD

[Global flags]
     intx CICompilerCount                          = 4                                         {product} {ergonomic}
     uint ConcGCThreads                            = 3                                         {product} {ergonomic}
     uint G1ConcRefinementThreads                  = 10                                        {product} {ergonomic}
   size_t G1HeapRegionSize                         = 2097152                                   {product} {ergonomic}
    uintx GCDrainStackTargetSize                   = 64                                        {product} {ergonomic}
   size_t InitialHeapSize                          = 197132288                                 {product} {ergonomic}
   size_t MarkStackSize                            = 4194304                                   {product} {ergonomic}
   size_t MaxHeapSize                              = 3145728000                                {product} {ergonomic}
   size_t MaxNewSize                               = 1887436800                                {product} {ergonomic}
   size_t MinHeapDeltaBytes                        = 2097152                                   {product} {ergonomic}
   size_t MinHeapSize                              = 8388608                                   {product} {ergonomic}
    uintx NonNMethodCodeHeapSize                   = 5839372                                {pd product} {ergonomic}
    uintx NonProfiledCodeHeapSize                  = 122909434                              {pd product} {ergonomic}
    uintx ProfiledCodeHeapSize                     = 122909434                              {pd product} {ergonomic}
    uintx ReservedCodeCacheSize                    = 251658240                              {pd product} {ergonomic}
     bool SegmentedCodeCache                       = true                                      {product} {ergonomic}
   size_t SoftMaxHeapSize                          = 3145728000                             {manageable} {ergonomic}
     bool UseCompressedClassPointers               = true                           {product lp64_product} {ergonomic}
     bool UseCompressedOops                        = true                           {product lp64_product} {ergonomic}
     bool UseG1GC                                  = true                                      {product} {ergonomic}
     bool UseLargePagesIndividualAllocation        = false                                  {pd product} {ergonomic}

Logging:
Log output configuration:
 #0: stdout all=warning uptime,level,tags foldmultilines=false
 #1: stderr all=off uptime,level,tags foldmultilines=false

Environment Variables:
JAVA_HOME=C:\Program Files\Java\jdk-20
PATH=C:\Python312\Scripts\;C:\Python312\;C:\Program Files\Common Files\Oracle\Java\javapath;C:\Program Files (x86)\Common Files\Oracle\Java\javapath;C:\Windows\system32;C:\Windows;C:\Windows\System32\Wbem;C:\Windows\System32\WindowsPowerShell\v1.0\;C:\Windows\System32\OpenSSH\;C:\Program Files\nodejs\;C:\ProgramData\chocolatey\bin;;C:\Program Files\Docker\Docker\resources\bin;C:\Program Files\PuTTY\;C:\Users\jaime\AppData\Local\Microsoft\WindowsApps;C:\Users\jaime\AppData\Roaming\npm;C:\Users\jaime\AppData\Local\Programs\Microsoft VS Code\bin
USERNAME=jaime
OS=Windows_NT
PROCESSOR_IDENTIFIER=Intel64 Family 6 Model 154 Stepping 4, GenuineIntel
TMP=C:\Users\jaime\AppData\Local\Temp
TEMP=C:\Users\jaime\AppData\Local\Temp




---------------  S Y S T E M  ---------------

OS:
 Windows 11 , 64 bit Build 22621 (10.0.22621.3672)
OS uptime: 6 days 18:27 hours
Hyper-V role detected

CPU: total 12 (initial active 12) (6 cores per cpu, 2 threads per core) family 6 model 154 stepping 4 microcode 0x423, cx8, cmov, fxsr, ht, mmx, 3dnowpref, sse, sse2, sse3, ssse3, sse4.1, sse4.2, popcnt, lzcnt, tsc, tscinvbit, avx, avx2, aes, erms, clmul, bmi1, bmi2, adx, sha, fma, vzeroupper, clflush, clflushopt, clwb, hv, serialize, rdtscp, rdpid, fsrm, f16c, cet_ibt, cet_ss

Memory: 4k page, system-wide physical 11992M (1541M free)
TotalPageFile size 24280M (AvailPageFile size 5657M)
current process WorkingSet (physical memory assigned to process): 348M, peak: 357M
current process commit charge ("private bytes"): 432M, peak: 432M

vm_info: Java HotSpot(TM) 64-Bit Server VM (20.0.2+9-78) for windows-amd64 JRE (20.0.2+9-78), built on 2023-06-14T10:08:48Z by "mach5one" with MS VC++ 17.1 (VS2022)

END.
