#
# There is insufficient memory for the Java Runtime Environment to continue.
# Native memory allocation (malloc) failed to allocate 4023024 bytes for Chunk::new
# Possible reasons:
#   The system is out of physical RAM or swap space
#   The process is running with CompressedOops enabled, and the Java Heap may be blocking the growth of the native heap
# Possible solutions:
#   Reduce memory load on the system
#   Increase physical memory or swap space
#   Check if swap backing store is full
#   Decrease Java heap size (-Xmx/-Xms)
#   Decrease number of Java threads
#   Decrease Java thread stack sizes (-Xss)
#   Set larger code cache with -XX:ReservedCodeCacheSize=
#   JVM is running with Zero Based Compressed Oops mode in which the Java heap is
#     placed in the first 32GB address space. The Java Heap base address is the
#     maximum limit for the native heap growth. Please use -XX:HeapBaseMinAddress
#     to set the Java Heap base and to place the Java Heap above 32GB virtual address.
# This output file may be truncated or incomplete.
#
#  Out of Memory Error (arena.cpp:191), pid=36900, tid=29340
#
# JRE version: OpenJDK Runtime Environment (17.0.9+11) (build 17.0.9+11-LTS)
# Java VM: OpenJDK 64-Bit Server VM (17.0.9+11-LTS, mixed mode, sharing, tiered, compressed oops, compressed class ptrs, g1 gc, windows-amd64)
# No core dump will be written. Minidumps are not enabled by default on client versions of Windows
#

---------------  S U M M A R Y ------------

Command Line: -agentlib:jdwp=transport=dt_socket,server=n,address=59379 com.aza.api.ApiApplication

Host: 11th Gen Intel(R) Core(TM) i7-11370H @ 3.30GHz, 8 cores, 23G,  Windows 11 , 64 bit Build 26100 (10.0.26100.4202)
Time: Mon Jun 23 13:25:52 2025 Hora est. Pacífico, Sudamérica elapsed time: 1591.305566 seconds (0d 0h 26m 31s)

---------------  T H R E A D  ---------------

Current thread (0x0000022b62fee9f0):  JavaThread "C2 CompilerThread1" daemon [_thread_in_native, id=29340, stack(0x0000005145c00000,0x0000005145d00000)]


Current CompileTask:
C2:1591305 22623   !   4       org.hibernate.sql.results.spi.ListResultsConsumer::consume (695 bytes)

Stack: [0x0000005145c00000,0x0000005145d00000]
Native frames: (J=compiled Java code, j=interpreted, Vv=VM code, C=native code)
V  [jvm.dll+0x67bd39]
V  [jvm.dll+0x832448]
V  [jvm.dll+0x833f0e]
V  [jvm.dll+0x834573]
V  [jvm.dll+0x24833f]
V  [jvm.dll+0xac24c]
V  [jvm.dll+0xac8ac]
V  [jvm.dll+0x365abe]
V  [jvm.dll+0x1bd663]
V  [jvm.dll+0x21a577]
V  [jvm.dll+0x219851]
V  [jvm.dll+0x1a59f0]
V  [jvm.dll+0x2296bd]
V  [jvm.dll+0x22787b]
V  [jvm.dll+0x7e7808]
V  [jvm.dll+0x7e1baa]
V  [jvm.dll+0x67ac25]
C  [ucrtbase.dll+0x37b0]
C  [KERNEL32.DLL+0x2e8d7]
C  [ntdll.dll+0x3c34c]


---------------  P R O C E S S  ---------------

Threads class SMR info:
_java_thread_list=0x0000022b626b66a0, length=36, elements={
0x0000022b1b1be700, 0x0000022b1b752010, 0x0000022b1b767750, 0x0000022b1b769d30,
0x0000022b1b76a300, 0x0000022b1b76a8d0, 0x0000022b1b76b280, 0x0000022b1b76ff60,
0x0000022b1b772580, 0x0000022b1b8d5eb0, 0x0000022b1b8eacc0, 0x0000022b1b8edb80,
0x0000022b1b8f0e20, 0x0000022b1b9025b0, 0x0000022b636859c0, 0x0000022b6bbf3df0,
0x0000022b6bbf7ab0, 0x0000022b6bbf29b0, 0x0000022b6bbf33d0, 0x0000022b6bbf38e0,
0x0000022b6bbf4810, 0x0000022b6a12d120, 0x0000022b6a12a8a0, 0x0000022b6a12c700,
0x0000022b6a12adb0, 0x0000022b6a12d630, 0x0000022b6a12b7d0, 0x0000022b6a12bce0,
0x0000022b6a129e80, 0x0000022b6a12db40, 0x0000022b6a1308d0, 0x0000022b6a12e050,
0x0000022b6a12e560, 0x0000022b6a12ea70, 0x0000022b62fee9f0, 0x0000022b62fee4a0
}

Java Threads: ( => current thread )
  0x0000022b1b1be700 JavaThread "Reference Handler" daemon [_thread_blocked, id=5712, stack(0x0000005146500000,0x0000005146600000)]
  0x0000022b1b752010 JavaThread "Finalizer" daemon [_thread_blocked, id=37420, stack(0x0000005146600000,0x0000005146700000)]
  0x0000022b1b767750 JavaThread "Signal Dispatcher" daemon [_thread_blocked, id=11860, stack(0x0000005146700000,0x0000005146800000)]
  0x0000022b1b769d30 JavaThread "Attach Listener" daemon [_thread_blocked, id=22384, stack(0x0000005146800000,0x0000005146900000)]
  0x0000022b1b76a300 JavaThread "Service Thread" daemon [_thread_blocked, id=15948, stack(0x0000005146900000,0x0000005146a00000)]
  0x0000022b1b76a8d0 JavaThread "Monitor Deflation Thread" daemon [_thread_blocked, id=6784, stack(0x0000005146a00000,0x0000005146b00000)]
  0x0000022b1b76b280 JavaThread "C2 CompilerThread0" daemon [_thread_blocked, id=15112, stack(0x0000005146b00000,0x0000005146c00000)]
  0x0000022b1b76ff60 JavaThread "C1 CompilerThread0" daemon [_thread_blocked, id=38188, stack(0x0000005146c00000,0x0000005146d00000)]
  0x0000022b1b772580 JavaThread "Sweeper thread" daemon [_thread_blocked, id=12844, stack(0x0000005146d00000,0x0000005146e00000)]
  0x0000022b1b8d5eb0 JavaThread "JDWP Transport Listener: dt_socket" daemon [_thread_blocked, id=14180, stack(0x0000005146e00000,0x0000005146f00000)]
  0x0000022b1b8eacc0 JavaThread "JDWP Event Helper Thread" daemon [_thread_blocked, id=38576, stack(0x0000005146f00000,0x0000005147000000)]
  0x0000022b1b8edb80 JavaThread "JDWP Command Reader" daemon [_thread_in_native, id=38700, stack(0x0000005147000000,0x0000005147100000)]
  0x0000022b1b8f0e20 JavaThread "Notification Thread" daemon [_thread_blocked, id=31460, stack(0x0000005147100000,0x0000005147200000)]
  0x0000022b1b9025b0 JavaThread "Common-Cleaner" daemon [_thread_blocked, id=16968, stack(0x0000005147300000,0x0000005147400000)]
  0x0000022b636859c0 JavaThread "mysql-cj-abandoned-connection-cleanup" daemon [_thread_blocked, id=16828, stack(0x0000005148200000,0x0000005148300000)]
  0x0000022b6bbf3df0 JavaThread "Live Reload Server" daemon [_thread_in_native, id=21744, stack(0x0000005148a00000,0x0000005148b00000)]
  0x0000022b6bbf7ab0 JavaThread "DestroyJavaVM" [_thread_blocked, id=38800, stack(0x0000005145e00000,0x0000005145f00000)]
  0x0000022b6bbf29b0 JavaThread "HikariPool-5 housekeeper" daemon [_thread_blocked, id=13660, stack(0x0000005147f00000,0x0000005148000000)]
  0x0000022b6bbf33d0 JavaThread "Catalina-utility-1" [_thread_blocked, id=25176, stack(0x0000005148400000,0x0000005148500000)]
  0x0000022b6bbf38e0 JavaThread "Catalina-utility-2" [_thread_blocked, id=10676, stack(0x0000005148500000,0x0000005148600000)]
  0x0000022b6bbf4810 JavaThread "container-0" [_thread_blocked, id=13056, stack(0x0000005148600000,0x0000005148700000)]
  0x0000022b6a12d120 JavaThread "File Watcher" daemon [_thread_blocked, id=33080, stack(0x0000005147600000,0x0000005147700000)]
  0x0000022b6a12a8a0 JavaThread "http-nio-8011-exec-1" daemon [_thread_blocked, id=15084, stack(0x0000005148700000,0x0000005148800000)]
  0x0000022b6a12c700 JavaThread "http-nio-8011-exec-2" daemon [_thread_blocked, id=1404, stack(0x0000005148900000,0x0000005148a00000)]
  0x0000022b6a12adb0 JavaThread "http-nio-8011-exec-3" daemon [_thread_blocked, id=25172, stack(0x0000005148b00000,0x0000005148c00000)]
  0x0000022b6a12d630 JavaThread "http-nio-8011-exec-4" daemon [_thread_blocked, id=39316, stack(0x0000005148c00000,0x0000005148d00000)]
  0x0000022b6a12b7d0 JavaThread "http-nio-8011-exec-5" daemon [_thread_blocked, id=31496, stack(0x0000005148d00000,0x0000005148e00000)]
  0x0000022b6a12bce0 JavaThread "http-nio-8011-exec-6" daemon [_thread_blocked, id=33348, stack(0x0000005148e00000,0x0000005148f00000)]
  0x0000022b6a129e80 JavaThread "http-nio-8011-exec-7" daemon [_thread_blocked, id=30704, stack(0x0000005148f00000,0x0000005149000000)]
  0x0000022b6a12db40 JavaThread "http-nio-8011-exec-8" daemon [_thread_blocked, id=4260, stack(0x0000005149000000,0x0000005149100000)]
  0x0000022b6a1308d0 JavaThread "http-nio-8011-exec-9" daemon [_thread_blocked, id=39656, stack(0x0000005149100000,0x0000005149200000)]
  0x0000022b6a12e050 JavaThread "http-nio-8011-exec-10" daemon [_thread_blocked, id=23732, stack(0x0000005149200000,0x0000005149300000)]
  0x0000022b6a12e560 JavaThread "http-nio-8011-Poller" daemon [_thread_blocked, id=944, stack(0x0000005149300000,0x0000005149400000)]
  0x0000022b6a12ea70 JavaThread "http-nio-8011-Acceptor" daemon [_thread_in_native, id=38808, stack(0x0000005149400000,0x0000005149500000)]
=>0x0000022b62fee9f0 JavaThread "C2 CompilerThread1" daemon [_thread_in_native, id=29340, stack(0x0000005145c00000,0x0000005145d00000)]
  0x0000022b62fee4a0 JavaThread "C2 CompilerThread2" daemon [_thread_blocked, id=37724, stack(0x0000005147400000,0x0000005147500000)]

Other Threads:
  0x0000022b1b1b9c50 VMThread "VM Thread" [stack: 0x0000005146400000,0x0000005146500000] [id=37876]
  0x0000022b1b8f1300 WatcherThread [stack: 0x0000005147200000,0x0000005147300000] [id=37576]
  0x0000022b73ca2350 GCTaskThread "GC Thread#0" [stack: 0x0000005145f00000,0x0000005146000000] [id=19588]
  0x0000022b617fe590 GCTaskThread "GC Thread#1" [stack: 0x0000005147700000,0x0000005147800000] [id=20276]
  0x0000022b617fe850 GCTaskThread "GC Thread#2" [stack: 0x0000005147800000,0x0000005147900000] [id=38324]
  0x0000022b617feb10 GCTaskThread "GC Thread#3" [stack: 0x0000005147900000,0x0000005147a00000] [id=25632]
  0x0000022b618754b0 GCTaskThread "GC Thread#4" [stack: 0x0000005147a00000,0x0000005147b00000] [id=21780]
  0x0000022b61875770 GCTaskThread "GC Thread#5" [stack: 0x0000005147b00000,0x0000005147c00000] [id=1616]
  0x0000022b61875a30 GCTaskThread "GC Thread#6" [stack: 0x0000005147c00000,0x0000005147d00000] [id=26484]
  0x0000022b61875cf0 GCTaskThread "GC Thread#7" [stack: 0x0000005147d00000,0x0000005147e00000] [id=14544]
  0x0000022b73caf030 ConcurrentGCThread "G1 Main Marker" [stack: 0x0000005146000000,0x0000005146100000] [id=32848]
  0x0000022b73cafa50 ConcurrentGCThread "G1 Conc#0" [stack: 0x0000005146100000,0x0000005146200000] [id=24140]
  0x0000022b63aa0d10 ConcurrentGCThread "G1 Conc#1" [stack: 0x0000005147e00000,0x0000005147f00000] [id=30668]
  0x0000022b1b06caa0 ConcurrentGCThread "G1 Refine#0" [stack: 0x0000005146200000,0x0000005146300000] [id=34000]
  0x0000022b617fde80 ConcurrentGCThread "G1 Refine#1" [stack: 0x0000005148000000,0x0000005148100000] [id=24420]
  0x0000022b646cd650 ConcurrentGCThread "G1 Refine#2" [stack: 0x0000005148100000,0x0000005148200000] [id=28024]
  0x0000022b652e63a0 ConcurrentGCThread "G1 Refine#3" [stack: 0x0000005149600000,0x0000005149700000] [id=36492]
  0x0000022b652e60b0 ConcurrentGCThread "G1 Refine#4" [stack: 0x0000005145b00000,0x0000005145c00000] [id=12312]
  0x0000022b1b075380 ConcurrentGCThread "G1 Service" [stack: 0x0000005146300000,0x0000005146400000] [id=39312]

Threads with active compile tasks:
C2 CompilerThread0  1591320 22608       4       org.hibernate.sql.results.internal.RowProcessingStateStandardImpl::next (11 bytes)
C1 CompilerThread0  1591320 22687       2       org.hibernate.query.spi.AbstractCommonQueryContract::setParameter (70 bytes)
C2 CompilerThread1  1591320 22623   !   4       org.hibernate.sql.results.spi.ListResultsConsumer::consume (695 bytes)
C2 CompilerThread2  1591320 22610   !   4       org.hibernate.sql.results.jdbc.internal.JdbcValuesResultSetImpl::readCurrentRowValues (148 bytes)

VM state: at safepoint (normal execution)

VM Mutex/Monitor currently owned by a thread:  ([mutex/lock_event])
[0x0000022b73c12550] Threads_lock - owner thread: 0x0000022b1b1b9c50
[0x0000022b73c129d0] Heap_lock - owner thread: 0x0000022b6a12b7d0

Heap address: 0x0000000684c00000, size: 6068 MB, Compressed Oops mode: Zero based, Oop shift amount: 3

CDS archive(s) mapped at: [0x0000022b1c000000-0x0000022b1cba0000-0x0000022b1cba0000), size 12189696, SharedBaseAddress: 0x0000022b1c000000, ArchiveRelocationMode: 1.
Compressed class space mapped at: 0x0000022b1d000000-0x0000022b5d000000, reserved size: 1073741824
Narrow klass base: 0x0000022b1c000000, Narrow klass shift: 0, Narrow klass range: 0x100000000

GC Precious Log:
 CPUs: 8 total, 8 available
 Memory: 24267M
 Large Page Support: Disabled
 NUMA Support: Disabled
 Compressed Oops: Enabled (Zero based)
 Heap Region Size: 4M
 Heap Min Capacity: 8M
 Heap Initial Capacity: 380M
 Heap Max Capacity: 6068M
 Pre-touch: Disabled
 Parallel Workers: 8
 Concurrent Workers: 2
 Concurrent Refinement Workers: 8
 Periodic GC: Disabled

Heap:
 garbage-first heap   total 356352K, used 233254K [0x0000000684c00000, 0x0000000800000000)
  region size 4096K, 1 young (4096K), 1 survivors (4096K)
 Metaspace       used 99803K, committed 100800K, reserved 1179648K
  class space    used 11714K, committed 12288K, reserved 1048576K

Heap Regions: E=young(eden), S=young(survivor), O=old, HS=humongous(starts), HC=humongous(continues), CS=collection set, F=free, OA=open archive, CA=closed archive, TAMS=top-at-mark-start (previous, next)
|   0|0x0000000684c00000, 0x0000000685000000, 0x0000000685000000|100%| O|  |TAMS 0x0000000685000000, 0x0000000684c00000| Untracked 
|   1|0x0000000685000000, 0x00000006853fffe8, 0x0000000685400000| 99%| O|  |TAMS 0x00000006853fffe8, 0x0000000685000000| Untracked 
|   2|0x0000000685400000, 0x00000006857ffff8, 0x0000000685800000| 99%| O|  |TAMS 0x00000006857ffff8, 0x0000000685400000| Untracked 
|   3|0x0000000685800000, 0x0000000685bfffd8, 0x0000000685c00000| 99%| O|  |TAMS 0x0000000685bfffd8, 0x0000000685800000| Untracked 
|   4|0x0000000685c00000, 0x0000000685ffffd8, 0x0000000686000000| 99%| O|  |TAMS 0x0000000685ffffd8, 0x0000000685c00000| Untracked 
|   5|0x0000000686000000, 0x00000006863fff80, 0x0000000686400000| 99%| O|  |TAMS 0x00000006863fff80, 0x0000000686000000| Untracked 
|   6|0x0000000686400000, 0x0000000686800000, 0x0000000686800000|100%| O|  |TAMS 0x0000000686800000, 0x0000000686400000| Untracked 
|   7|0x0000000686800000, 0x0000000686ba1bc8, 0x0000000686c00000| 90%| O|  |TAMS 0x0000000686ba1bc8, 0x0000000686800000| Untracked 
|   8|0x0000000686c00000, 0x0000000686ffffc8, 0x0000000687000000| 99%| O|  |TAMS 0x0000000686ffffc8, 0x0000000686c00000| Untracked 
|   9|0x0000000687000000, 0x00000006873fffe8, 0x0000000687400000| 99%| O|  |TAMS 0x00000006873fffe8, 0x0000000687000000| Untracked 
|  10|0x0000000687400000, 0x000000068774a410, 0x0000000687800000| 82%| O|  |TAMS 0x000000068774a410, 0x0000000687400000| Untracked 
|  11|0x0000000687800000, 0x0000000687bfffe0, 0x0000000687c00000| 99%| O|  |TAMS 0x0000000687bfffe0, 0x0000000687800000| Untracked 
|  12|0x0000000687c00000, 0x0000000687fffff8, 0x0000000688000000| 99%| O|  |TAMS 0x0000000687fffff8, 0x0000000687c00000| Untracked 
|  13|0x0000000688000000, 0x00000006882b1f90, 0x0000000688400000| 67%| O|  |TAMS 0x00000006882b1f90, 0x0000000688000000| Untracked 
|  14|0x0000000688400000, 0x0000000688800000, 0x0000000688800000|100%| O|  |TAMS 0x0000000688400000, 0x0000000688400000| Untracked 
|  15|0x0000000688800000, 0x0000000688a00db8, 0x0000000688c00000| 50%| O|  |TAMS 0x0000000688a00db8, 0x0000000688800000| Untracked 
|  16|0x0000000688c00000, 0x0000000688f89ca0, 0x0000000689000000| 88%| O|  |TAMS 0x0000000688f89ca0, 0x0000000688c00000| Untracked 
|  17|0x0000000689000000, 0x0000000689400000, 0x0000000689400000|100%| O|  |TAMS 0x0000000689000000, 0x0000000689000000| Untracked 
|  18|0x0000000689400000, 0x0000000689800000, 0x0000000689800000|100%| O|  |TAMS 0x0000000689800000, 0x0000000689400000| Untracked 
|  19|0x0000000689800000, 0x0000000689c00000, 0x0000000689c00000|100%| O|  |TAMS 0x0000000689c00000, 0x0000000689800000| Untracked 
|  20|0x0000000689c00000, 0x000000068a000000, 0x000000068a000000|100%| O|  |TAMS 0x000000068a000000, 0x0000000689c00000| Untracked 
|  21|0x000000068a000000, 0x000000068a400000, 0x000000068a400000|100%| O|  |TAMS 0x000000068a400000, 0x000000068a000000| Untracked 
|  22|0x000000068a400000, 0x000000068a800000, 0x000000068a800000|100%| O|  |TAMS 0x000000068a400000, 0x000000068a400000| Untracked 
|  23|0x000000068a800000, 0x000000068ac00000, 0x000000068ac00000|100%| O|  |TAMS 0x000000068a800000, 0x000000068a800000| Untracked 
|  24|0x000000068ac00000, 0x000000068b000000, 0x000000068b000000|100%| O|  |TAMS 0x000000068ac00000, 0x000000068ac00000| Untracked 
|  25|0x000000068b000000, 0x000000068b400000, 0x000000068b400000|100%| O|  |TAMS 0x000000068b000000, 0x000000068b000000| Untracked 
|  26|0x000000068b400000, 0x000000068b800000, 0x000000068b800000|100%| O|  |TAMS 0x000000068b400000, 0x000000068b400000| Untracked 
|  27|0x000000068b800000, 0x000000068bc00000, 0x000000068bc00000|100%| O|  |TAMS 0x000000068bc00000, 0x000000068b800000| Untracked 
|  28|0x000000068bc00000, 0x000000068c000000, 0x000000068c000000|100%| O|  |TAMS 0x000000068c000000, 0x000000068bc00000| Untracked 
|  29|0x000000068c000000, 0x000000068c400000, 0x000000068c400000|100%| O|  |TAMS 0x000000068c000000, 0x000000068c000000| Untracked 
|  30|0x000000068c400000, 0x000000068c800000, 0x000000068c800000|100%| O|  |TAMS 0x000000068c400000, 0x000000068c400000| Untracked 
|  31|0x000000068c800000, 0x000000068cc00000, 0x000000068cc00000|100%| O|  |TAMS 0x000000068c800000, 0x000000068c800000| Untracked 
|  32|0x000000068cc00000, 0x000000068d000000, 0x000000068d000000|100%| O|  |TAMS 0x000000068cc00000, 0x000000068cc00000| Untracked 
|  33|0x000000068d000000, 0x000000068d400000, 0x000000068d400000|100%| O|  |TAMS 0x000000068d152600, 0x000000068d000000| Untracked 
|  34|0x000000068d400000, 0x000000068d800000, 0x000000068d800000|100%| O|  |TAMS 0x000000068d400000, 0x000000068d400000| Untracked 
|  35|0x000000068d800000, 0x000000068dc00000, 0x000000068dc00000|100%| O|  |TAMS 0x000000068d800000, 0x000000068d800000| Untracked 
|  36|0x000000068dc00000, 0x000000068e000000, 0x000000068e000000|100%| O|  |TAMS 0x000000068dc00000, 0x000000068dc00000| Untracked 
|  37|0x000000068e000000, 0x000000068e400000, 0x000000068e400000|100%| O|  |TAMS 0x000000068e000000, 0x000000068e000000| Untracked 
|  38|0x000000068e400000, 0x000000068e800000, 0x000000068e800000|100%| O|  |TAMS 0x000000068e400000, 0x000000068e400000| Untracked 
|  39|0x000000068e800000, 0x000000068ec00000, 0x000000068ec00000|100%| O|  |TAMS 0x000000068e800000, 0x000000068e800000| Untracked 
|  40|0x000000068ec00000, 0x000000068f000000, 0x000000068f000000|100%| O|  |TAMS 0x000000068ec00000, 0x000000068ec00000| Untracked 
|  41|0x000000068f000000, 0x000000068f400000, 0x000000068f400000|100%| O|  |TAMS 0x000000068f000000, 0x000000068f000000| Untracked 
|  42|0x000000068f400000, 0x000000068f800000, 0x000000068f800000|100%| O|  |TAMS 0x000000068f400000, 0x000000068f400000| Untracked 
|  43|0x000000068f800000, 0x000000068fc00000, 0x000000068fc00000|100%| O|  |TAMS 0x000000068f800000, 0x000000068f800000| Untracked 
|  44|0x000000068fc00000, 0x0000000690000000, 0x0000000690000000|100%| O|  |TAMS 0x000000068fc00000, 0x000000068fc00000| Untracked 
|  45|0x0000000690000000, 0x0000000690400000, 0x0000000690400000|100%| O|  |TAMS 0x0000000690000000, 0x0000000690000000| Untracked 
|  46|0x0000000690400000, 0x0000000690800000, 0x0000000690800000|100%| O|  |TAMS 0x0000000690400000, 0x0000000690400000| Untracked 
|  47|0x0000000690800000, 0x0000000690c00000, 0x0000000690c00000|100%| O|  |TAMS 0x0000000690800000, 0x0000000690800000| Untracked 
|  48|0x0000000690c00000, 0x0000000691000000, 0x0000000691000000|100%| O|  |TAMS 0x0000000690c00000, 0x0000000690c00000| Untracked 
|  49|0x0000000691000000, 0x0000000691400000, 0x0000000691400000|100%| O|  |TAMS 0x0000000691000000, 0x0000000691000000| Untracked 
|  50|0x0000000691400000, 0x0000000691800000, 0x0000000691800000|100%| O|  |TAMS 0x0000000691400000, 0x0000000691400000| Untracked 
|  51|0x0000000691800000, 0x0000000691c00000, 0x0000000691c00000|100%| O|  |TAMS 0x0000000691800000, 0x0000000691800000| Untracked 
|  52|0x0000000691c00000, 0x0000000692000000, 0x0000000692000000|100%| O|  |TAMS 0x0000000691c00000, 0x0000000691c00000| Untracked 
|  53|0x0000000692000000, 0x0000000692400000, 0x0000000692400000|100%| O|  |TAMS 0x0000000692000000, 0x0000000692000000| Untracked 
|  54|0x0000000692400000, 0x0000000692800000, 0x0000000692800000|100%| O|  |TAMS 0x0000000692400000, 0x0000000692400000| Untracked 
|  55|0x0000000692800000, 0x0000000692c00000, 0x0000000692c00000|100%| O|  |TAMS 0x0000000692800000, 0x0000000692800000| Untracked 
|  56|0x0000000692c00000, 0x0000000693000000, 0x0000000693000000|100%| O|  |TAMS 0x0000000692c00000, 0x0000000692c00000| Untracked 
|  57|0x0000000693000000, 0x0000000693137000, 0x0000000693400000| 30%| O|  |TAMS 0x0000000693000000, 0x0000000693000000| Untracked 
|  58|0x0000000693400000, 0x0000000693400000, 0x0000000693800000|  0%| F|  |TAMS 0x0000000693400000, 0x0000000693400000| Untracked 
|  59|0x0000000693800000, 0x0000000693800000, 0x0000000693c00000|  0%| F|  |TAMS 0x0000000693800000, 0x0000000693800000| Untracked 
|  60|0x0000000693c00000, 0x0000000693c00000, 0x0000000694000000|  0%| F|  |TAMS 0x0000000693c00000, 0x0000000693c00000| Untracked 
|  61|0x0000000694000000, 0x0000000694000000, 0x0000000694400000|  0%| F|  |TAMS 0x0000000694000000, 0x0000000694000000| Untracked 
|  62|0x0000000694400000, 0x0000000694400000, 0x0000000694800000|  0%| F|  |TAMS 0x0000000694400000, 0x0000000694400000| Untracked 
|  63|0x0000000694800000, 0x0000000694800000, 0x0000000694c00000|  0%| F|  |TAMS 0x0000000694800000, 0x0000000694800000| Untracked 
|  64|0x0000000694c00000, 0x0000000694c00000, 0x0000000695000000|  0%| F|  |TAMS 0x0000000694c00000, 0x0000000694c00000| Untracked 
|  65|0x0000000695000000, 0x0000000695000000, 0x0000000695400000|  0%| F|  |TAMS 0x0000000695000000, 0x0000000695000000| Untracked 
|  66|0x0000000695400000, 0x0000000695400000, 0x0000000695800000|  0%| F|  |TAMS 0x0000000695400000, 0x0000000695400000| Untracked 
|  67|0x0000000695800000, 0x0000000695800000, 0x0000000695c00000|  0%| F|  |TAMS 0x0000000695800000, 0x0000000695800000| Untracked 
|  68|0x0000000695c00000, 0x0000000695c00000, 0x0000000696000000|  0%| F|  |TAMS 0x0000000695c00000, 0x0000000695c00000| Untracked 
|  69|0x0000000696000000, 0x0000000696000000, 0x0000000696400000|  0%| F|  |TAMS 0x0000000696000000, 0x0000000696000000| Untracked 
|  70|0x0000000696400000, 0x0000000696400000, 0x0000000696800000|  0%| F|  |TAMS 0x0000000696400000, 0x0000000696400000| Untracked 
|  71|0x0000000696800000, 0x0000000696800000, 0x0000000696c00000|  0%| F|  |TAMS 0x0000000696800000, 0x0000000696800000| Untracked 
|  72|0x0000000696c00000, 0x0000000696c00000, 0x0000000697000000|  0%| F|  |TAMS 0x0000000696c00000, 0x0000000696c00000| Untracked 
|  73|0x0000000697000000, 0x000000069736a370, 0x0000000697400000| 85%| S|CS|TAMS 0x0000000697000000, 0x0000000697000000| Complete 
|  74|0x0000000697400000, 0x0000000697400000, 0x0000000697800000|  0%| F|  |TAMS 0x0000000697400000, 0x0000000697400000| Untracked 
|  75|0x0000000697800000, 0x0000000697800000, 0x0000000697c00000|  0%| F|  |TAMS 0x0000000697800000, 0x0000000697800000| Untracked 
|  76|0x0000000697c00000, 0x0000000697c00000, 0x0000000698000000|  0%| F|  |TAMS 0x0000000697c00000, 0x0000000697c00000| Untracked 
|  77|0x0000000698000000, 0x0000000698000000, 0x0000000698400000|  0%| F|  |TAMS 0x0000000698000000, 0x0000000698000000| Untracked 
|  78|0x0000000698400000, 0x0000000698400000, 0x0000000698800000|  0%| F|  |TAMS 0x0000000698400000, 0x0000000698400000| Untracked 
|  79|0x0000000698800000, 0x0000000698800000, 0x0000000698c00000|  0%| F|  |TAMS 0x0000000698800000, 0x0000000698800000| Untracked 
|  80|0x0000000698c00000, 0x0000000698c00000, 0x0000000699000000|  0%| F|  |TAMS 0x0000000698c00000, 0x0000000698c00000| Untracked 
|  81|0x0000000699000000, 0x0000000699000000, 0x0000000699400000|  0%| F|  |TAMS 0x0000000699000000, 0x0000000699000000| Untracked 
|  82|0x0000000699400000, 0x0000000699400000, 0x0000000699800000|  0%| F|  |TAMS 0x0000000699400000, 0x0000000699400000| Untracked 
|  83|0x0000000699800000, 0x0000000699800000, 0x0000000699c00000|  0%| F|  |TAMS 0x0000000699800000, 0x0000000699800000| Untracked 
|  84|0x0000000699c00000, 0x0000000699c00000, 0x000000069a000000|  0%| F|  |TAMS 0x0000000699c00000, 0x0000000699c00000| Untracked 
|  85|0x000000069a000000, 0x000000069a000000, 0x000000069a400000|  0%| F|  |TAMS 0x000000069a000000, 0x000000069a000000| Untracked 
|  86|0x000000069a400000, 0x000000069a400000, 0x000000069a800000|  0%| F|  |TAMS 0x000000069a400000, 0x000000069a400000| Untracked 

Card table byte_map: [0x0000022b7c630000,0x0000022b7d210000] _byte_map_base: 0x0000022b7920a000

Marking Bits (Prev, Next): (CMBitMap*) 0x0000022b73ca2970, (CMBitMap*) 0x0000022b73ca29b0
 Prev Bits: [0x0000022b0f000000, 0x0000022b14ed0000)
 Next Bits: [0x0000022b14ed0000, 0x0000022b1ada0000)

Polling page: 0x0000022b71b00000

Metaspace:

Usage:
  Non-class:     86.02 MB used.
      Class:     11.44 MB used.
       Both:     97.46 MB used.

Virtual space:
  Non-class space:      128.00 MB reserved,      86.44 MB ( 68%) committed,  2 nodes.
      Class space:        1.00 GB reserved,      12.00 MB (  1%) committed,  1 nodes.
             Both:        1.12 GB reserved,      98.44 MB (  9%) committed. 

Chunk freelists:
   Non-Class:  8.84 MB
       Class:  4.03 MB
        Both:  12.88 MB

MaxMetaspaceSize: unlimited
CompressedClassSpaceSize: 1.00 GB
Initial GC threshold: 21.00 MB
Current GC threshold: 161.81 MB
CDS: on
MetaspaceReclaimPolicy: balanced
 - commit_granule_bytes: 65536.
 - commit_granule_words: 8192.
 - virtual_space_node_default_size: 8388608.
 - enlarge_chunks_in_place: 1.
 - new_chunks_are_fully_committed: 0.
 - uncommit_free_chunks: 1.
 - use_allocation_guard: 0.
 - handle_deallocations: 1.


Internal statistics:

num_allocs_failed_limit: 9.
num_arena_births: 2024.
num_arena_deaths: 50.
num_vsnodes_births: 3.
num_vsnodes_deaths: 0.
num_space_committed: 1575.
num_space_uncommitted: 0.
num_chunks_returned_to_freelist: 84.
num_chunks_taken_from_freelist: 6284.
num_chunk_merges: 22.
num_chunk_splits: 3978.
num_chunks_enlarged: 2489.
num_inconsistent_stats: 0.

CodeHeap 'non-profiled nmethods': size=120000Kb used=21695Kb max_used=21695Kb free=98304Kb
 bounds [0x0000022b07ad0000, 0x0000022b09000000, 0x0000022b0f000000]
CodeHeap 'profiled nmethods': size=120000Kb used=31568Kb max_used=32426Kb free=88432Kb
 bounds [0x0000022b00000000, 0x0000022b01fc0000, 0x0000022b07530000]
CodeHeap 'non-nmethods': size=5760Kb used=1452Kb max_used=1560Kb free=4307Kb
 bounds [0x0000022b07530000, 0x0000022b077a0000, 0x0000022b07ad0000]
 total_blobs=18084 nmethods=17388 adapters=607
 compilation: enabled
              stopped_count=0, restarted_count=0
 full_count=0

Compilation events (20 events):
Event: 1589.016 Thread 0x0000022b1b76ff60 nmethod 22675 0x0000022b01dbd790 code [0x0000022b01dbe480, 0x0000022b01dc56e8]
Event: 1589.016 Thread 0x0000022b1b76ff60 22677   !   2       org.hibernate.query.sqm.internal.ConcreteSqmSelectQueryPlan::withCacheableSqmInterpretation (179 bytes)
Event: 1589.016 Thread 0x0000022b1b76ff60 nmethod 22677 0x0000022b002b2b10 code [0x0000022b002b2d40, 0x0000022b002b3398]
Event: 1589.016 Thread 0x0000022b1b76ff60 22678       2       org.hibernate.query.sqm.internal.ConcreteSqmSelectQueryPlan::buildCacheableSqmInterpretation (257 bytes)
Event: 1589.018 Thread 0x0000022b1b76ff60 nmethod 22678 0x0000022b00e74990 code [0x0000022b00e74ca0, 0x0000022b00e75aa8]
Event: 1589.018 Thread 0x0000022b1b76ff60 22676       3       java.util.concurrent.CopyOnWriteArrayList::addIfAbsent (31 bytes)
Event: 1589.019 Thread 0x0000022b1b76ff60 nmethod 22676 0x0000022b017bda10 code [0x0000022b017bdbc0, 0x0000022b017bde18]
Event: 1589.019 Thread 0x0000022b1b76ff60 22679       2       org.hibernate.query.sqm.internal.ConcreteSqmSelectQueryPlan$$Lambda$1489/0x0000022b1d97c888::<init> (10 bytes)
Event: 1589.019 Thread 0x0000022b1b76ff60 nmethod 22679 0x0000022b00eeca90 code [0x0000022b00eecc20, 0x0000022b00eecd78]
Event: 1589.019 Thread 0x0000022b1b76ff60 22680       2       org.hibernate.query.sqm.internal.ConcreteSqmSelectQueryPlan$$Lambda$1490/0x0000022b1d97caa8::<init> (10 bytes)
Event: 1589.019 Thread 0x0000022b1b76ff60 nmethod 22680 0x0000022b011d6110 code [0x0000022b011d62a0, 0x0000022b011d63f8]
Event: 1589.019 Thread 0x0000022b1b76ff60 22681       2       org.hibernate.query.sqm.internal.ConcreteSqmSelectQueryPlan$2::<init> (10 bytes)
Event: 1589.019 Thread 0x0000022b1b76ff60 nmethod 22681 0x0000022b013e7290 code [0x0000022b013e7420, 0x0000022b013e7578]
Event: 1589.026 Thread 0x0000022b1b76ff60 22682       2       com.mysql.cj.jdbc.ClientPreparedStatement::getCoreParameterIndex (17 bytes)
Event: 1589.026 Thread 0x0000022b1b76ff60 nmethod 22682 0x0000022b0184ed10 code [0x0000022b0184eec0, 0x0000022b0184f038]
Event: 1589.063 Thread 0x0000022b1b76ff60 22683       2       org.hibernate.sql.exec.internal.AbstractJdbcParameter::bindParameterValue (104 bytes)
Event: 1589.064 Thread 0x0000022b1b76ff60 nmethod 22683 0x0000022b004d8610 code [0x0000022b004d8820, 0x0000022b004d8c78]
Event: 1589.118 Thread 0x0000022b1b76ff60 22684   !   3       com.mysql.cj.jdbc.ClientPreparedStatement::setLong (63 bytes)
Event: 1589.119 Thread 0x0000022b1b76ff60 nmethod 22684 0x0000022b00e9f110 code [0x0000022b00e9f380, 0x0000022b00ea0078]
Event: 1589.230 Thread 0x0000022b1b76ff60 22687       2       org.hibernate.query.spi.AbstractCommonQueryContract::setParameter (70 bytes)

GC Heap History (20 events):
Event: 1582.246 GC heap after
{Heap after GC invocations=182 (full 4):
 garbage-first heap   total 356352K, used 171031K [0x0000000684c00000, 0x0000000800000000)
  region size 4096K, 1 young (4096K), 1 survivors (4096K)
 Metaspace       used 99001K, committed 100032K, reserved 1179648K
  class space    used 11627K, committed 12224K, reserved 1048576K
}
Event: 1582.743 GC heap before
{Heap before GC invocations=182 (full 4):
 garbage-first heap   total 356352K, used 293911K [0x0000000684c00000, 0x0000000800000000)
  region size 4096K, 31 young (126976K), 1 survivors (4096K)
 Metaspace       used 99002K, committed 100032K, reserved 1179648K
  class space    used 11627K, committed 12224K, reserved 1048576K
}
Event: 1582.745 GC heap after
{Heap after GC invocations=183 (full 4):
 garbage-first heap   total 356352K, used 171749K [0x0000000684c00000, 0x0000000800000000)
  region size 4096K, 1 young (4096K), 1 survivors (4096K)
 Metaspace       used 99002K, committed 100032K, reserved 1179648K
  class space    used 11627K, committed 12224K, reserved 1048576K
}
Event: 1584.013 GC heap before
{Heap before GC invocations=183 (full 4):
 garbage-first heap   total 356352K, used 294629K [0x0000000684c00000, 0x0000000800000000)
  region size 4096K, 31 young (126976K), 1 survivors (4096K)
 Metaspace       used 99004K, committed 100032K, reserved 1179648K
  class space    used 11627K, committed 12224K, reserved 1048576K
}
Event: 1584.015 GC heap after
{Heap after GC invocations=184 (full 4):
 garbage-first heap   total 356352K, used 172306K [0x0000000684c00000, 0x0000000800000000)
  region size 4096K, 2 young (8192K), 2 survivors (8192K)
 Metaspace       used 99004K, committed 100032K, reserved 1179648K
  class space    used 11627K, committed 12224K, reserved 1048576K
}
Event: 1585.026 GC heap before
{Heap before GC invocations=184 (full 4):
 garbage-first heap   total 356352K, used 295186K [0x0000000684c00000, 0x0000000800000000)
  region size 4096K, 32 young (131072K), 2 survivors (8192K)
 Metaspace       used 99004K, committed 100032K, reserved 1179648K
  class space    used 11627K, committed 12224K, reserved 1048576K
}
Event: 1585.028 GC heap after
{Heap after GC invocations=185 (full 4):
 garbage-first heap   total 356352K, used 172457K [0x0000000684c00000, 0x0000000800000000)
  region size 4096K, 2 young (8192K), 2 survivors (8192K)
 Metaspace       used 99004K, committed 100032K, reserved 1179648K
  class space    used 11627K, committed 12224K, reserved 1048576K
}
Event: 1586.941 GC heap before
{Heap before GC invocations=185 (full 4):
 garbage-first heap   total 356352K, used 291241K [0x0000000684c00000, 0x0000000800000000)
  region size 4096K, 32 young (131072K), 2 survivors (8192K)
 Metaspace       used 99150K, committed 100160K, reserved 1179648K
  class space    used 11635K, committed 12224K, reserved 1048576K
}
Event: 1586.944 GC heap after
{Heap after GC invocations=186 (full 4):
 garbage-first heap   total 356352K, used 173183K [0x0000000684c00000, 0x0000000800000000)
  region size 4096K, 2 young (8192K), 2 survivors (8192K)
 Metaspace       used 99150K, committed 100160K, reserved 1179648K
  class space    used 11635K, committed 12224K, reserved 1048576K
}
Event: 1587.452 GC heap before
{Heap before GC invocations=186 (full 4):
 garbage-first heap   total 356352K, used 296063K [0x0000000684c00000, 0x0000000800000000)
  region size 4096K, 32 young (131072K), 2 survivors (8192K)
 Metaspace       used 99175K, committed 100160K, reserved 1179648K
  class space    used 11640K, committed 12224K, reserved 1048576K
}
Event: 1587.463 GC heap after
{Heap after GC invocations=187 (full 4):
 garbage-first heap   total 356352K, used 194053K [0x0000000684c00000, 0x0000000800000000)
  region size 4096K, 4 young (16384K), 4 survivors (16384K)
 Metaspace       used 99175K, committed 100160K, reserved 1179648K
  class space    used 11640K, committed 12224K, reserved 1048576K
}
Event: 1587.618 GC heap before
{Heap before GC invocations=187 (full 4):
 garbage-first heap   total 356352K, used 284165K [0x0000000684c00000, 0x0000000800000000)
  region size 4096K, 26 young (106496K), 4 survivors (16384K)
 Metaspace       used 99175K, committed 100160K, reserved 1179648K
  class space    used 11640K, committed 12224K, reserved 1048576K
}
Event: 1587.635 GC heap after
{Heap after GC invocations=188 (full 4):
 garbage-first heap   total 356352K, used 218740K [0x0000000684c00000, 0x0000000800000000)
  region size 4096K, 4 young (16384K), 4 survivors (16384K)
 Metaspace       used 99175K, committed 100160K, reserved 1179648K
  class space    used 11640K, committed 12224K, reserved 1048576K
}
Event: 1588.024 GC heap before
{Heap before GC invocations=188 (full 4):
 garbage-first heap   total 356352K, used 280180K [0x0000000684c00000, 0x0000000800000000)
  region size 4096K, 19 young (77824K), 4 survivors (16384K)
 Metaspace       used 99185K, committed 100160K, reserved 1179648K
  class space    used 11642K, committed 12224K, reserved 1048576K
}
Event: 1588.032 GC heap after
{Heap after GC invocations=189 (full 4):
 garbage-first heap   total 356352K, used 222986K [0x0000000684c00000, 0x0000000800000000)
  region size 4096K, 2 young (8192K), 2 survivors (8192K)
 Metaspace       used 99185K, committed 100160K, reserved 1179648K
  class space    used 11642K, committed 12224K, reserved 1048576K
}
Event: 1588.441 GC heap before
{Heap before GC invocations=189 (full 4):
 garbage-first heap   total 356352K, used 280330K [0x0000000684c00000, 0x0000000800000000)
  region size 4096K, 16 young (65536K), 2 survivors (8192K)
 Metaspace       used 99185K, committed 100160K, reserved 1179648K
  class space    used 11642K, committed 12224K, reserved 1048576K
}
Event: 1588.443 GC heap after
{Heap after GC invocations=190 (full 4):
 garbage-first heap   total 356352K, used 223655K [0x0000000684c00000, 0x0000000800000000)
  region size 4096K, 1 young (4096K), 1 survivors (4096K)
 Metaspace       used 99185K, committed 100160K, reserved 1179648K
  class space    used 11642K, committed 12224K, reserved 1048576K
}
Event: 1588.820 GC heap before
{Heap before GC invocations=190 (full 4):
 garbage-first heap   total 356352K, used 285095K [0x0000000684c00000, 0x0000000800000000)
  region size 4096K, 16 young (65536K), 1 survivors (4096K)
 Metaspace       used 99794K, committed 100800K, reserved 1179648K
  class space    used 11714K, committed 12288K, reserved 1048576K
}
Event: 1588.825 GC heap after
{Heap after GC invocations=191 (full 4):
 garbage-first heap   total 356352K, used 233284K [0x0000000684c00000, 0x0000000800000000)
  region size 4096K, 2 young (8192K), 2 survivors (8192K)
 Metaspace       used 99794K, committed 100800K, reserved 1179648K
  class space    used 11714K, committed 12288K, reserved 1048576K
}
Event: 1590.232 GC heap before
{Heap before GC invocations=191 (full 4):
 garbage-first heap   total 356352K, used 286532K [0x0000000684c00000, 0x0000000800000000)
  region size 4096K, 15 young (61440K), 2 survivors (8192K)
 Metaspace       used 99803K, committed 100800K, reserved 1179648K
  class space    used 11714K, committed 12288K, reserved 1048576K
}

Dll operation events (10 events):
Event: 0.013 Loaded shared library C:\Program Files\BellSoft\LibericaJDK-17\bin\java.dll
Event: 0.032 Loaded shared library C:\Program Files\BellSoft\LibericaJDK-17\bin\jsvml.dll
Event: 0.398 Loaded shared library C:\Program Files\BellSoft\LibericaJDK-17\bin\net.dll
Event: 0.400 Loaded shared library C:\Program Files\BellSoft\LibericaJDK-17\bin\nio.dll
Event: 0.403 Loaded shared library C:\Program Files\BellSoft\LibericaJDK-17\bin\zip.dll
Event: 0.527 Loaded shared library C:\Program Files\BellSoft\LibericaJDK-17\bin\jimage.dll
Event: 0.911 Loaded shared library C:\Program Files\BellSoft\LibericaJDK-17\bin\management.dll
Event: 0.914 Loaded shared library C:\Program Files\BellSoft\LibericaJDK-17\bin\management_ext.dll
Event: 5.072 Loaded shared library C:\Program Files\BellSoft\LibericaJDK-17\bin\sunmscapi.dll
Event: 6.105 Loaded shared library C:\Program Files\BellSoft\LibericaJDK-17\bin\verify.dll

Deoptimization events (20 events):
Event: 1588.778 Thread 0x0000022b6a12a8a0 Uncommon trap: trap_request=0xffffff45 fr.pc=0x0000022b07cf9530 relative=0x00000000000025d0
Event: 1588.778 Thread 0x0000022b6a12a8a0 Uncommon trap: reason=unstable_if action=reinterpret pc=0x0000022b07cf9530 method=org.springframework.core.ResolvableType.getGenerics()[Lorg/springframework/core/ResolvableType; @ 4 c2
Event: 1588.778 Thread 0x0000022b6a12a8a0 DEOPT PACKING pc=0x0000022b07cf9530 sp=0x00000051487f8dd0
Event: 1588.778 Thread 0x0000022b6a12a8a0 DEOPT UNPACKING pc=0x0000022b0758a1a3 sp=0x00000051487f8e30 mode 2
Event: 1588.778 Thread 0x0000022b6a12a8a0 Uncommon trap: trap_request=0xffffffe5 fr.pc=0x0000022b08322758 relative=0x0000000000000198
Event: 1588.778 Thread 0x0000022b6a12a8a0 Uncommon trap: reason=range_check action=reinterpret pc=0x0000022b08322758 method=org.springframework.core.ResolvableType.getGeneric([I)Lorg/springframework/core/ResolvableType; @ 63 c2
Event: 1588.778 Thread 0x0000022b6a12a8a0 DEOPT PACKING pc=0x0000022b08322758 sp=0x00000051487f8e90
Event: 1588.778 Thread 0x0000022b6a12a8a0 DEOPT UNPACKING pc=0x0000022b0758a1a3 sp=0x00000051487f8e30 mode 2
Event: 1588.778 Thread 0x0000022b6a12a8a0 Uncommon trap: trap_request=0xffffff45 fr.pc=0x0000022b08640368 relative=0x000000000000c508
Event: 1588.778 Thread 0x0000022b6a12a8a0 Uncommon trap: reason=unstable_if action=reinterpret pc=0x0000022b08640368 method=org.springframework.data.repository.core.support.QueryExecutionResultHandler.unwrapOptional(Ljava/lang/Object;)Ljava/lang/Object; @ 1 c2
Event: 1588.778 Thread 0x0000022b6a12a8a0 DEOPT PACKING pc=0x0000022b08640368 sp=0x00000051487f9010
Event: 1588.778 Thread 0x0000022b6a12a8a0 DEOPT UNPACKING pc=0x0000022b0758a1a3 sp=0x00000051487f9110 mode 2
Event: 1588.778 Thread 0x0000022b6a12a8a0 Uncommon trap: trap_request=0xffffff45 fr.pc=0x0000022b08fd560c relative=0x00000000000047cc
Event: 1588.778 Thread 0x0000022b6a12a8a0 Uncommon trap: reason=unstable_if action=reinterpret pc=0x0000022b08fd560c method=org.springframework.transaction.interceptor.TransactionAspectSupport.invokeWithinTransaction(Ljava/lang/reflect/Method;Ljava/lang/Class;Lorg/springframework/transaction/inte
Event: 1588.778 Thread 0x0000022b6a12a8a0 DEOPT PACKING pc=0x0000022b08fd560c sp=0x00000051487f93f0
Event: 1588.778 Thread 0x0000022b6a12a8a0 DEOPT UNPACKING pc=0x0000022b0758a1a3 sp=0x00000051487f9470 mode 2
Event: 1588.778 Thread 0x0000022b6a12a8a0 Uncommon trap: trap_request=0xffffff45 fr.pc=0x0000022b08fab8dc relative=0x00000000000021dc
Event: 1588.778 Thread 0x0000022b6a12a8a0 Uncommon trap: reason=unstable_if action=reinterpret pc=0x0000022b08fab8dc method=org.springframework.aop.framework.JdkDynamicAopProxy.invoke(Ljava/lang/Object;Ljava/lang/reflect/Method;[Ljava/lang/Object;)Ljava/lang/Object; @ 455 c2
Event: 1588.778 Thread 0x0000022b6a12a8a0 DEOPT PACKING pc=0x0000022b08fab8dc sp=0x00000051487f98f0
Event: 1588.778 Thread 0x0000022b6a12a8a0 DEOPT UNPACKING pc=0x0000022b0758a1a3 sp=0x00000051487f9918 mode 2

Classes unloaded (20 events):
Event: 1237.042 Thread 0x0000022b1b1b9c50 Unloading class 0x0000022b1da80800 'jdk/internal/reflect/GeneratedSerializationConstructorAccessor10'
Event: 1237.042 Thread 0x0000022b1b1b9c50 Unloading class 0x0000022b1da80400 'jdk/internal/reflect/GeneratedSerializationConstructorAccessor9'
Event: 1237.042 Thread 0x0000022b1b1b9c50 Unloading class 0x0000022b1da80000 'jdk/internal/reflect/GeneratedSerializationConstructorAccessor8'
Event: 1237.042 Thread 0x0000022b1b1b9c50 Unloading class 0x0000022b1da74400 'jdk/internal/reflect/GeneratedSerializationConstructorAccessor7'
Event: 1237.042 Thread 0x0000022b1b1b9c50 Unloading class 0x0000022b1da74000 'jdk/internal/reflect/GeneratedSerializationConstructorAccessor6'
Event: 1288.640 Thread 0x0000022b1b1b9c50 Unloading class 0x0000022b1dacc800 'jdk/internal/reflect/GeneratedSerializationConstructorAccessor15'
Event: 1288.640 Thread 0x0000022b1b1b9c50 Unloading class 0x0000022b1dacc400 'jdk/internal/reflect/GeneratedSerializationConstructorAccessor14'
Event: 1288.640 Thread 0x0000022b1b1b9c50 Unloading class 0x0000022b1dacc000 'jdk/internal/reflect/GeneratedSerializationConstructorAccessor13'
Event: 1288.640 Thread 0x0000022b1b1b9c50 Unloading class 0x0000022b1dabd400 'jdk/internal/reflect/GeneratedSerializationConstructorAccessor12'
Event: 1288.640 Thread 0x0000022b1b1b9c50 Unloading class 0x0000022b1dabd000 'jdk/internal/reflect/GeneratedSerializationConstructorAccessor11'
Event: 1314.668 Thread 0x0000022b1b1b9c50 Unloading class 0x0000022b1db1c800 'jdk/internal/reflect/GeneratedSerializationConstructorAccessor20'
Event: 1314.668 Thread 0x0000022b1b1b9c50 Unloading class 0x0000022b1db1c400 'jdk/internal/reflect/GeneratedSerializationConstructorAccessor19'
Event: 1314.668 Thread 0x0000022b1b1b9c50 Unloading class 0x0000022b1db1c000 'jdk/internal/reflect/GeneratedSerializationConstructorAccessor18'
Event: 1314.668 Thread 0x0000022b1b1b9c50 Unloading class 0x0000022b1db09800 'jdk/internal/reflect/GeneratedSerializationConstructorAccessor17'
Event: 1314.668 Thread 0x0000022b1b1b9c50 Unloading class 0x0000022b1db09400 'jdk/internal/reflect/GeneratedSerializationConstructorAccessor16'
Event: 1436.779 Thread 0x0000022b1b1b9c50 Unloading class 0x0000022b1db98800 'jdk/internal/reflect/GeneratedSerializationConstructorAccessor25'
Event: 1436.779 Thread 0x0000022b1b1b9c50 Unloading class 0x0000022b1db98400 'jdk/internal/reflect/GeneratedSerializationConstructorAccessor24'
Event: 1436.779 Thread 0x0000022b1b1b9c50 Unloading class 0x0000022b1db98000 'jdk/internal/reflect/GeneratedSerializationConstructorAccessor23'
Event: 1436.779 Thread 0x0000022b1b1b9c50 Unloading class 0x0000022b1db88400 'jdk/internal/reflect/GeneratedSerializationConstructorAccessor22'
Event: 1436.779 Thread 0x0000022b1b1b9c50 Unloading class 0x0000022b1db88000 'jdk/internal/reflect/GeneratedSerializationConstructorAccessor21'

Classes redefined (0 events):
No events

Internal exceptions (20 events):
Event: 1402.300 Thread 0x0000022b6bbf5740 Exception <a 'java/io/FileNotFoundException'{0x000000069355ed08}> (0x000000069355ed08) 
thrown [s\src\hotspot\share\prims\jni.cpp, line 516]
Event: 1402.301 Thread 0x0000022b6bbf5740 Exception <a 'java/io/FileNotFoundException'{0x0000000693569e68}> (0x0000000693569e68) 
thrown [s\src\hotspot\share\prims\jni.cpp, line 516]
Event: 1402.824 Thread 0x0000022b6bbf5740 Exception <a 'sun/nio/fs/WindowsException'{0x000000068f2da170}> (0x000000068f2da170) 
thrown [s\src\hotspot\share\prims\jni.cpp, line 516]
Event: 1411.957 Thread 0x0000022b6a12a8a0 Implicit null exception at 0x0000022b08384d6f to 0x0000022b08388c48
Event: 1418.415 Thread 0x0000022b6a1308d0 Implicit null exception at 0x0000022b08e2dc43 to 0x0000022b08e32834
Event: 1446.122 Thread 0x0000022b6a12a8a0 Implicit null exception at 0x0000022b08e55257 to 0x0000022b08e59a50
Event: 1540.715 Thread 0x0000022b6a12c700 Implicit null exception at 0x0000022b08ab78de to 0x0000022b08ab7b6c
Event: 1540.716 Thread 0x0000022b6a12c700 Implicit null exception at 0x0000022b08c9702c to 0x0000022b08c97074
Event: 1540.719 Thread 0x0000022b6a12c700 Implicit null exception at 0x0000022b084c2e65 to 0x0000022b084c5a54
Event: 1540.725 Thread 0x0000022b6a12c700 Exception <a 'java/lang/NoSuchMethodError'{0x00000006928304e8}: 'java.lang.Object java.lang.invoke.Invokers$Holder.linkToTargetMethod(java.lang.Object, int, java.lang.Object, java.lang.Object, java.lang.Object, java.lang.Object)'> (0x00000006928304e8) 
thrown [s\src\hotspot\share\interpreter\linkResolver.cpp, line 759]
Event: 1540.757 Thread 0x0000022b6a12c700 Implicit null exception at 0x0000022b08e640f1 to 0x0000022b08e64878
Event: 1557.665 Thread 0x0000022b6a129e80 Implicit null exception at 0x0000022b082ed2c5 to 0x0000022b082ed44f
Event: 1577.877 Thread 0x0000022b6a12b7d0 Exception <a 'java/lang/NoSuchMethodError'{0x00000006952e1000}: 'int java.lang.invoke.DirectMethodHandle$Holder.invokeStatic(java.lang.Object, java.lang.Object, int, int)'> (0x00000006952e1000) 
thrown [s\src\hotspot\share\interpreter\linkResolver.cpp, line 759]
Event: 1577.891 Thread 0x0000022b6a12b7d0 Implicit null exception at 0x0000022b08dcb31f to 0x0000022b08dcedd0
Event: 1586.245 Thread 0x0000022b6a12a8a0 Implicit null exception at 0x0000022b085b8a7a to 0x0000022b085b8dbe
Event: 1588.778 Thread 0x0000022b6a12a8a0 Implicit null exception at 0x0000022b08fc150f to 0x0000022b08fc3ff8
Event: 1588.778 Thread 0x0000022b6a12a8a0 Implicit null exception at 0x0000022b081761d2 to 0x0000022b0817642c
Event: 1588.778 Thread 0x0000022b6a12a8a0 Implicit null exception at 0x0000022b084dd307 to 0x0000022b084de4b0
Event: 1588.778 Thread 0x0000022b6a12a8a0 Implicit null exception at 0x0000022b08c6bea7 to 0x0000022b08c6ce88
Event: 1588.778 Thread 0x0000022b6a12a8a0 Implicit null exception at 0x0000022b08633ec2 to 0x0000022b08640338

VM Operations (20 events):
Event: 1588.033 Executing VM operation: G1CollectForAllocation done
Event: 1588.441 Executing VM operation: G1CollectForAllocation
Event: 1588.443 Executing VM operation: G1CollectForAllocation done
Event: 1588.635 Executing VM operation: HandshakeAllThreads
Event: 1588.635 Executing VM operation: HandshakeAllThreads done
Event: 1588.635 Executing VM operation: HandshakeAllThreads
Event: 1588.645 Executing VM operation: HandshakeAllThreads done
Event: 1588.645 Executing VM operation: HandshakeAllThreads
Event: 1588.646 Executing VM operation: HandshakeAllThreads done
Event: 1588.648 Executing VM operation: HandshakeAllThreads
Event: 1588.648 Executing VM operation: HandshakeAllThreads done
Event: 1588.657 Executing VM operation: HandshakeAllThreads
Event: 1588.657 Executing VM operation: HandshakeAllThreads done
Event: 1588.664 Executing VM operation: HandshakeAllThreads
Event: 1588.664 Executing VM operation: HandshakeAllThreads done
Event: 1588.691 Executing VM operation: HandshakeAllThreads
Event: 1588.691 Executing VM operation: HandshakeAllThreads done
Event: 1588.820 Executing VM operation: G1CollectForAllocation
Event: 1588.825 Executing VM operation: G1CollectForAllocation done
Event: 1589.267 Executing VM operation: G1CollectForAllocation

Events (20 events):
Event: 1557.722 Thread 0x0000022b1b772580 flushing nmethod 0x0000022b01f6f690
Event: 1557.722 Thread 0x0000022b1b772580 flushing nmethod 0x0000022b01f6fa10
Event: 1562.796 Thread 0x0000022b62feca10 Thread exited: 0x0000022b62feca10
Event: 1567.801 Thread 0x0000022b62ff0480 Thread exited: 0x0000022b62ff0480
Event: 1577.893 Thread 0x0000022b62fee4a0 Thread added: 0x0000022b62fee4a0
Event: 1577.893 Thread 0x0000022b62fef490 Thread added: 0x0000022b62fef490
Event: 1578.648 Thread 0x0000022b62fef490 Thread exited: 0x0000022b62fef490
Event: 1578.648 Thread 0x0000022b62fee4a0 Thread exited: 0x0000022b62fee4a0
Event: 1584.365 Thread 0x0000022b62ff09d0 Thread added: 0x0000022b62ff09d0
Event: 1585.192 Thread 0x0000022b62ff09d0 Thread exited: 0x0000022b62ff09d0
Event: 1586.225 Thread 0x0000022b62ff09d0 Thread added: 0x0000022b62ff09d0
Event: 1586.274 Thread 0x0000022b62fee4a0 Thread added: 0x0000022b62fee4a0
Event: 1586.775 Thread 0x0000022b62fee4a0 Thread exited: 0x0000022b62fee4a0
Event: 1586.775 Thread 0x0000022b62ff09d0 Thread exited: 0x0000022b62ff09d0
Event: 1587.338 Thread 0x0000022b62feef40 Thread added: 0x0000022b62feef40
Event: 1588.595 Thread 0x0000022b62feef40 Thread exited: 0x0000022b62feef40
Event: 1588.659 Thread 0x0000022b1b772580 flushing nmethod 0x0000022b009b6310
Event: 1588.666 Thread 0x0000022b1b772580 flushing nmethod 0x0000022b0158ae10
Event: 1588.828 Thread 0x0000022b62fee9f0 Thread added: 0x0000022b62fee9f0
Event: 1588.828 Thread 0x0000022b62fee4a0 Thread added: 0x0000022b62fee4a0


Dynamic libraries:
0x00007ff6f0150000 - 0x00007ff6f015e000 	C:\Program Files\BellSoft\LibericaJDK-17\bin\java.exe
0x00007ff9f68c0000 - 0x00007ff9f6b25000 	C:\WINDOWS\SYSTEM32\ntdll.dll
0x00007ff9f4e00000 - 0x00007ff9f4ec9000 	C:\WINDOWS\System32\KERNEL32.DLL
0x00007ff9f3b80000 - 0x00007ff9f3f68000 	C:\WINDOWS\System32\KERNELBASE.dll
0x00007ff9f40f0000 - 0x00007ff9f423b000 	C:\WINDOWS\System32\ucrtbase.dll
0x00007ff9ce0f0000 - 0x00007ff9ce107000 	C:\Program Files\BellSoft\LibericaJDK-17\bin\jli.dll
0x00007ff9f6320000 - 0x00007ff9f64ea000 	C:\WINDOWS\System32\USER32.dll
0x00007ff9f4630000 - 0x00007ff9f4657000 	C:\WINDOWS\System32\win32u.dll
0x00007ff9f5da0000 - 0x00007ff9f5dcb000 	C:\WINDOWS\System32\GDI32.dll
0x00007ff9f44f0000 - 0x00007ff9f4627000 	C:\WINDOWS\System32\gdi32full.dll
0x00007ff9f3a10000 - 0x00007ff9f3ab3000 	C:\WINDOWS\System32\msvcp_win.dll
0x00007ff9da8a0000 - 0x00007ff9dab3a000 	C:\WINDOWS\WinSxS\amd64_microsoft.windows.common-controls_6595b64144ccf1df_6.0.26100.4202_none_3e0698d4e335f517\COMCTL32.dll
0x00007ff9f4f40000 - 0x00007ff9f4fe9000 	C:\WINDOWS\System32\msvcrt.dll
0x00007ff9d9230000 - 0x00007ff9d924b000 	C:\Program Files\BellSoft\LibericaJDK-17\bin\VCRUNTIME140.dll
0x00007ff9f5d60000 - 0x00007ff9f5d90000 	C:\WINDOWS\System32\IMM32.DLL
0x00007ff9ec710000 - 0x00007ff9ec71c000 	C:\Program Files\BellSoft\LibericaJDK-17\bin\vcruntime140_1.dll
0x00007ff9b7aa0000 - 0x00007ff9b7b2e000 	C:\Program Files\BellSoft\LibericaJDK-17\bin\msvcp140.dll
0x00007ff95f0a0000 - 0x00007ff95fd03000 	C:\Program Files\BellSoft\LibericaJDK-17\bin\server\jvm.dll
0x00007ff9f5470000 - 0x00007ff9f5523000 	C:\WINDOWS\System32\ADVAPI32.dll
0x00007ff9f52b0000 - 0x00007ff9f5356000 	C:\WINDOWS\System32\sechost.dll
0x00007ff9f6010000 - 0x00007ff9f6125000 	C:\WINDOWS\System32\RPCRT4.dll
0x00007ff9f2630000 - 0x00007ff9f268e000 	C:\WINDOWS\SYSTEM32\POWRPROF.dll
0x00007ff9ce750000 - 0x00007ff9ce75a000 	C:\WINDOWS\SYSTEM32\WSOCK32.dll
0x00007ff9f5360000 - 0x00007ff9f53d4000 	C:\WINDOWS\System32\WS2_32.dll
0x00007ff9e78e0000 - 0x00007ff9e7915000 	C:\WINDOWS\SYSTEM32\WINMM.dll
0x00007ff9e8f80000 - 0x00007ff9e8f8b000 	C:\WINDOWS\SYSTEM32\VERSION.dll
0x00007ff9f2610000 - 0x00007ff9f2624000 	C:\WINDOWS\SYSTEM32\UMPDC.dll
0x00007ff9f28f0000 - 0x00007ff9f290b000 	C:\WINDOWS\SYSTEM32\kernel.appcore.dll
0x00007ff9ebbb0000 - 0x00007ff9ebbba000 	C:\Program Files\BellSoft\LibericaJDK-17\bin\jimage.dll
0x00007ff9f12d0000 - 0x00007ff9f1511000 	C:\WINDOWS\SYSTEM32\DBGHELP.DLL
0x00007ff9f64f0000 - 0x00007ff9f6875000 	C:\WINDOWS\System32\combase.dll
0x00007ff9f5c70000 - 0x00007ff9f5d51000 	C:\WINDOWS\System32\OLEAUT32.dll
0x00007ff9da860000 - 0x00007ff9da899000 	C:\WINDOWS\SYSTEM32\dbgcore.DLL
0x00007ff9f4240000 - 0x00007ff9f42d9000 	C:\WINDOWS\System32\bcryptPrimitives.dll
0x00007ff9c6950000 - 0x00007ff9c698b000 	C:\Program Files\BellSoft\LibericaJDK-17\bin\jdwp.dll
0x00007ff9d7e00000 - 0x00007ff9d7e25000 	C:\Program Files\BellSoft\LibericaJDK-17\bin\java.dll
0x00007ff9b3290000 - 0x00007ff9b3367000 	C:\Program Files\BellSoft\LibericaJDK-17\bin\jsvml.dll
0x00007ff9f4660000 - 0x00007ff9f4da2000 	C:\WINDOWS\System32\SHELL32.dll
0x00007ff9f42e0000 - 0x00007ff9f4454000 	C:\WINDOWS\System32\wintypes.dll
0x00007ff9f1660000 - 0x00007ff9f1eb8000 	C:\WINDOWS\SYSTEM32\windows.storage.dll
0x00007ff9f56e0000 - 0x00007ff9f57d1000 	C:\WINDOWS\System32\SHCORE.dll
0x00007ff9f5240000 - 0x00007ff9f52aa000 	C:\WINDOWS\System32\shlwapi.dll
0x00007ff9f3920000 - 0x00007ff9f394f000 	C:\WINDOWS\SYSTEM32\profapi.dll
0x00007ff9d91e0000 - 0x00007ff9d91ec000 	C:\Program Files\BellSoft\LibericaJDK-17\bin\dt_socket.dll
0x00007ff9f2300000 - 0x00007ff9f2333000 	C:\WINDOWS\SYSTEM32\IPHLPAPI.DLL
0x00007ff9f2e60000 - 0x00007ff9f2eca000 	C:\WINDOWS\system32\mswsock.dll
0x00007ff9d6520000 - 0x00007ff9d6539000 	C:\Program Files\BellSoft\LibericaJDK-17\bin\net.dll
0x00007ff9eaa40000 - 0x00007ff9eab5e000 	C:\WINDOWS\SYSTEM32\WINHTTP.dll
0x00007ff9ceba0000 - 0x00007ff9cebb6000 	C:\Program Files\BellSoft\LibericaJDK-17\bin\nio.dll
0x00007ff9ce920000 - 0x00007ff9ce938000 	C:\Program Files\BellSoft\LibericaJDK-17\bin\zip.dll
0x00007ff9e7620000 - 0x00007ff9e762a000 	C:\Program Files\BellSoft\LibericaJDK-17\bin\management.dll
0x00007ff9e5a40000 - 0x00007ff9e5a4b000 	C:\Program Files\BellSoft\LibericaJDK-17\bin\management_ext.dll
0x00007ff9f5e80000 - 0x00007ff9f5e88000 	C:\WINDOWS\System32\PSAPI.DLL
0x00007ff9f3120000 - 0x00007ff9f313b000 	C:\WINDOWS\SYSTEM32\CRYPTSP.dll
0x00007ff9f2850000 - 0x00007ff9f288a000 	C:\WINDOWS\system32\rsaenh.dll
0x00007ff9f2f00000 - 0x00007ff9f2f2b000 	C:\WINDOWS\SYSTEM32\USERENV.dll
0x00007ff9f38f0000 - 0x00007ff9f3916000 	C:\WINDOWS\SYSTEM32\bcrypt.dll
0x00007ff9f3110000 - 0x00007ff9f311c000 	C:\WINDOWS\SYSTEM32\CRYPTBASE.dll
0x00007ff9f4f30000 - 0x00007ff9f4f3a000 	C:\WINDOWS\System32\NSI.dll
0x00007ff9eac10000 - 0x00007ff9eac2f000 	C:\WINDOWS\SYSTEM32\dhcpcsvc6.DLL
0x00007ff9eab70000 - 0x00007ff9eab95000 	C:\WINDOWS\SYSTEM32\dhcpcsvc.DLL
0x00007ff9f23d0000 - 0x00007ff9f24f7000 	C:\WINDOWS\SYSTEM32\DNSAPI.dll
0x00007ff9d8b00000 - 0x00007ff9d8b0e000 	C:\Program Files\BellSoft\LibericaJDK-17\bin\sunmscapi.dll
0x00007ff9f3f70000 - 0x00007ff9f40e7000 	C:\WINDOWS\System32\CRYPT32.dll
0x00007ff9f3330000 - 0x00007ff9f3360000 	C:\WINDOWS\SYSTEM32\ncrypt.dll
0x00007ff9f32e0000 - 0x00007ff9f331f000 	C:\WINDOWS\SYSTEM32\NTASN1.dll
0x00007ff9e78a0000 - 0x00007ff9e78b0000 	C:\Program Files\BellSoft\LibericaJDK-17\bin\verify.dll
0x00007ff9ea750000 - 0x00007ff9ea75b000 	C:\Windows\System32\rasadhlp.dll
0x00007ff9eb270000 - 0x00007ff9eb2f6000 	C:\WINDOWS\System32\fwpuclnt.dll
0x00007ff9d66a0000 - 0x00007ff9d66a8000 	C:\WINDOWS\system32\wshunix.dll

dbghelp: loaded successfully - version: 4.0.5 - missing functions: none
symbol engine: initialized successfully - sym options: 0x614 - pdb path: .;C:\Program Files\BellSoft\LibericaJDK-17\bin;C:\WINDOWS\SYSTEM32;C:\WINDOWS\WinSxS\amd64_microsoft.windows.common-controls_6595b64144ccf1df_6.0.26100.4202_none_3e0698d4e335f517;C:\Program Files\BellSoft\LibericaJDK-17\bin\server

VM Arguments:
jvm_args: -agentlib:jdwp=transport=dt_socket,server=n,address=59379 
java_command: com.aza.api.ApiApplication
java_class_path (initial): C:\Jaime\bsmart\Enlaza V2\apiAza\target\classes;C:\Users\jaime\.m2\repository\org\springframework\boot\spring-boot-starter-data-jpa\3.1.6\spring-boot-starter-data-jpa-3.1.6.jar;C:\Users\jaime\.m2\repository\org\springframework\boot\spring-boot-starter-aop\3.1.6\spring-boot-starter-aop-3.1.6.jar;C:\Users\jaime\.m2\repository\org\aspectj\aspectjweaver\1.9.20.1\aspectjweaver-1.9.20.1.jar;C:\Users\jaime\.m2\repository\org\springframework\boot\spring-boot-starter-jdbc\3.1.6\spring-boot-starter-jdbc-3.1.6.jar;C:\Users\jaime\.m2\repository\com\zaxxer\HikariCP\5.0.1\HikariCP-5.0.1.jar;C:\Users\jaime\.m2\repository\org\springframework\spring-jdbc\6.0.14\spring-jdbc-6.0.14.jar;C:\Users\jaime\.m2\repository\org\hibernate\orm\hibernate-core\6.2.13.Final\hibernate-core-6.2.13.Final.jar;C:\Users\jaime\.m2\repository\jakarta\persistence\jakarta.persistence-api\3.1.0\jakarta.persistence-api-3.1.0.jar;C:\Users\jaime\.m2\repository\jakarta\transaction\jakarta.transaction-api\2.0.1\jakarta.transaction-api-2.0.1.jar;C:\Users\jaime\.m2\repository\org\jboss\logging\jboss-logging\3.5.3.Final\jboss-logging-3.5.3.Final.jar;C:\Users\jaime\.m2\repository\org\hibernate\common\hibernate-commons-annotations\6.0.6.Final\hibernate-commons-annotations-6.0.6.Final.jar;C:\Users\jaime\.m2\repository\io\smallrye\jandex\3.0.5\jandex-3.0.5.jar;C:\Users\jaime\.m2\repository\com\fasterxml\classmate\1.5.1\classmate-1.5.1.jar;C:\Users\jaime\.m2\repository\net\bytebuddy\byte-buddy\1.14.10\byte-buddy-1.14.10.jar;C:\Users\jaime\.m2\repository\org\glassfish\jaxb\jaxb-runtime\4.0.4\jaxb-runtime-4.0.4.jar;C:\Users\jaime\.m2\repository\org\glassfish\jaxb\jaxb-core\4.0.4\jaxb-core-4.0.4.jar;C:\Users\jaime\.m2\repository\org\glassfish\jaxb\txw2\4.0.4\txw2-4.0.4.jar;C:\Users\jaime\.m2\repository\com\sun\istack\istack-commons-runtime\4.1.2\istack-commons-runtime-4.1.2.jar;C:\Users\jaime\.m2\repository\jakarta\inject\jakarta.inject-api\2.0.1\jakarta.inject-api-2.0.1.jar;C:\Users\jaime\.m2\re
Launcher Type: SUN_STANDARD

[Global flags]
     intx CICompilerCount                          = 4                                         {product} {ergonomic}
     uint ConcGCThreads                            = 2                                         {product} {ergonomic}
     uint G1ConcRefinementThreads                  = 8                                         {product} {ergonomic}
   size_t G1HeapRegionSize                         = 4194304                                   {product} {ergonomic}
    uintx GCDrainStackTargetSize                   = 64                                        {product} {ergonomic}
   size_t InitialHeapSize                          = 398458880                                 {product} {ergonomic}
   size_t MarkStackSize                            = 4194304                                   {product} {ergonomic}
   size_t MaxHeapSize                              = 6362759168                                {product} {ergonomic}
   size_t MaxNewSize                               = 3816816640                                {product} {ergonomic}
   size_t MinHeapDeltaBytes                        = 4194304                                   {product} {ergonomic}
   size_t MinHeapSize                              = 8388608                                   {product} {ergonomic}
    uintx NonNMethodCodeHeapSize                   = 5839372                                {pd product} {ergonomic}
    uintx NonProfiledCodeHeapSize                  = 122909434                              {pd product} {ergonomic}
    uintx ProfiledCodeHeapSize                     = 122909434                              {pd product} {ergonomic}
    uintx ReservedCodeCacheSize                    = 251658240                              {pd product} {ergonomic}
     bool SegmentedCodeCache                       = true                                      {product} {ergonomic}
   size_t SoftMaxHeapSize                          = 6362759168                             {manageable} {ergonomic}
     bool UseCompressedClassPointers               = true                           {product lp64_product} {ergonomic}
     bool UseCompressedOops                        = true                           {product lp64_product} {ergonomic}
     bool UseG1GC                                  = true                                      {product} {ergonomic}
     bool UseLargePagesIndividualAllocation        = false                                  {pd product} {ergonomic}

Logging:
Log output configuration:
 #0: stdout all=warning uptime,level,tags
 #1: stderr all=off uptime,level,tags

Environment Variables:
JAVA_HOME=C:\Program Files\BellSoft\LibericaJDK-17
PATH=C:\Program Files\BellSoft\LibericaJDK-17\bin\;C:\Windows\system32;C:\Windows;C:\Windows\System32\Wbem;C:\Windows\System32\WindowsPowerShell\v1.0\;C:\Windows\System32\OpenSSH\;C:\Program Files (x86)\NVIDIA Corporation\PhysX\Common;C:\Program Files\NVIDIA Corporation\NVIDIA NvDLISR;C:\WINDOWS\system32;C:\WINDOWS;C:\WINDOWS\System32\Wbem;C:\WINDOWS\System32\WindowsPowerShell\v1.0\;C:\WINDOWS\System32\OpenSSH\;C:\Program Files\dotnet\;C:\Program Files\apache-maven-3.9.5\bin;C:\Program Files\PuTTY\;C:\Program Files\nodejs\;C:\Program Files\Git\cmd;C:\Users\jaime\AppData\Local\Microsoft\WindowsApps;C:\Users\jaime\AppData\Local\Programs\Microsoft VS Code\bin;C:\Users\jaime\AppData\Roaming\npm;
USERNAME=jaime
OS=Windows_NT
PROCESSOR_IDENTIFIER=Intel64 Family 6 Model 140 Stepping 1, GenuineIntel
TMP=C:\Users\jaime\AppData\Local\Temp
TEMP=C:\Users\jaime\AppData\Local\Temp



Periodic native trim disabled


---------------  S Y S T E M  ---------------

OS:
 Windows 11 , 64 bit Build 26100 (10.0.26100.4202)
OS uptime: 9 days 10:09 hours
Hyper-V role detected

CPU: total 8 (initial active 8) (4 cores per cpu, 2 threads per core) family 6 model 140 stepping 1 microcode 0x86, cx8, cmov, fxsr, ht, mmx, 3dnowpref, sse, sse2, sse3, ssse3, sse4.1, sse4.2, popcnt, lzcnt, tsc, tscinvbit, avx, avx2, aes, erms, clmul, bmi1, bmi2, adx, avx512f, avx512dq, avx512cd, avx512bw, avx512vl, sha, fma, vzeroupper, avx512_vpopcntdq, avx512_vpclmulqdq, avx512_vaes, avx512_vnni, clflush, clflushopt, clwb, avx512_vbmi2, avx512_vbmi, hv
Processor Information for processor 0
  Max Mhz: 3302, Current Mhz: 1200, Mhz Limit: 3302
Processor Information for processor 1
  Max Mhz: 3302, Current Mhz: 1200, Mhz Limit: 3302
Processor Information for processor 2
  Max Mhz: 3302, Current Mhz: 3302, Mhz Limit: 3302
Processor Information for processor 3
  Max Mhz: 3302, Current Mhz: 3302, Mhz Limit: 3302
Processor Information for processor 4
  Max Mhz: 3302, Current Mhz: 3302, Mhz Limit: 3302
Processor Information for processor 5
  Max Mhz: 3302, Current Mhz: 3302, Mhz Limit: 3302
Processor Information for processor 6
  Max Mhz: 3302, Current Mhz: 3302, Mhz Limit: 3302
Processor Information for processor 7
  Max Mhz: 3302, Current Mhz: 3302, Mhz Limit: 3302

Memory: 4k page, system-wide physical 24267M (5750M free)
TotalPageFile size 34267M (AvailPageFile size 27M)
current process WorkingSet (physical memory assigned to process): 745M, peak: 849M
current process commit charge ("private bytes"): 919M, peak: 941M

vm_info: OpenJDK 64-Bit Server VM (17.0.9+11-LTS) for windows-amd64 JRE (17.0.9+11-LTS), built on Oct 17 2023 19:37:59 by "" with MS VC++ 17.1 (VS2022)

END.
